Archive member included to satisfy reference by file (symbol)

/usr/lib/gcc/x86_64-linux-gnu/11/../../../x86_64-linux-gnu/libc.a(libc-start.o)
                              /usr/lib/gcc/x86_64-linux-gnu/11/../../../x86_64-linux-gnu/crt1.o (__libc_start_main)
/usr/lib/gcc/x86_64-linux-gnu/11/../../../x86_64-linux-gnu/libc.a(check_fds.o)
                              /usr/lib/gcc/x86_64-linux-gnu/11/../../../x86_64-linux-gnu/libc.a(libc-start.o) (__libc_check_standard_fds)
/usr/lib/gcc/x86_64-linux-gnu/11/../../../x86_64-linux-gnu/libc.a(libc-tls.o)
                              /usr/lib/gcc/x86_64-linux-gnu/11/../../../x86_64-linux-gnu/libc.a(libc-start.o) (__libc_setup_tls)
/usr/lib/gcc/x86_64-linux-gnu/11/../../../x86_64-linux-gnu/libc.a(errno.o)
                              /usr/lib/gcc/x86_64-linux-gnu/11/../../../x86_64-linux-gnu/libc.a(check_fds.o) (__libc_errno)
/usr/lib/gcc/x86_64-linux-gnu/11/../../../x86_64-linux-gnu/libc.a(assert.o)
                              /usr/lib/gcc/x86_64-linux-gnu/11/../../../x86_64-linux-gnu/libc.a(libc-start.o) (__assert_fail)
/usr/lib/gcc/x86_64-linux-gnu/11/../../../x86_64-linux-gnu/libc.a(dcgettext.o)
                              /usr/lib/gcc/x86_64-linux-gnu/11/../../../x86_64-linux-gnu/libc.a(assert.o) (__dcgettext)
/usr/lib/gcc/x86_64-linux-gnu/11/../../../x86_64-linux-gnu/libc.a(dcigettext.o)
                              /usr/lib/gcc/x86_64-linux-gnu/11/../../../x86_64-linux-gnu/libc.a(dcgettext.o) (__dcigettext)
/usr/lib/gcc/x86_64-linux-gnu/11/../../../x86_64-linux-gnu/libc.a(finddomain.o)
                              /usr/lib/gcc/x86_64-linux-gnu/11/../../../x86_64-linux-gnu/libc.a(dcigettext.o) (_nl_find_domain)
/usr/lib/gcc/x86_64-linux-gnu/11/../../../x86_64-linux-gnu/libc.a(loadmsgcat.o)
                              /usr/lib/gcc/x86_64-linux-gnu/11/../../../x86_64-linux-gnu/libc.a(dcigettext.o) (_nl_load_domain)
/usr/lib/gcc/x86_64-linux-gnu/11/../../../x86_64-linux-gnu/libc.a(localealias.o)
                              /usr/lib/gcc/x86_64-linux-gnu/11/../../../x86_64-linux-gnu/libc.a(finddomain.o) (_nl_expand_alias)
/usr/lib/gcc/x86_64-linux-gnu/11/../../../x86_64-linux-gnu/libc.a(l10nflist.o)
                              /usr/lib/gcc/x86_64-linux-gnu/11/../../../x86_64-linux-gnu/libc.a(finddomain.o) (_nl_make_l10nflist)
/usr/lib/gcc/x86_64-linux-gnu/11/../../../x86_64-linux-gnu/libc.a(explodename.o)
                              /usr/lib/gcc/x86_64-linux-gnu/11/../../../x86_64-linux-gnu/libc.a(finddomain.o) (_nl_explode_name)
/usr/lib/gcc/x86_64-linux-gnu/11/../../../x86_64-linux-gnu/libc.a(plural.o)
                              /usr/lib/gcc/x86_64-linux-gnu/11/../../../x86_64-linux-gnu/libc.a(loadmsgcat.o) (__gettext_free_exp)
/usr/lib/gcc/x86_64-linux-gnu/11/../../../x86_64-linux-gnu/libc.a(plural-exp.o)
                              /usr/lib/gcc/x86_64-linux-gnu/11/../../../x86_64-linux-gnu/libc.a(loadmsgcat.o) (__gettext_extract_plural)
/usr/lib/gcc/x86_64-linux-gnu/11/../../../x86_64-linux-gnu/libc.a(hash-string.o)
                              /usr/lib/gcc/x86_64-linux-gnu/11/../../../x86_64-linux-gnu/libc.a(dcigettext.o) (__hash_string)
/usr/lib/gcc/x86_64-linux-gnu/11/../../../x86_64-linux-gnu/libc.a(bsd-_setjmp.o)
                              /usr/lib/gcc/x86_64-linux-gnu/11/../../../x86_64-linux-gnu/libc.a(libc-start.o) (_setjmp)
/usr/lib/gcc/x86_64-linux-gnu/11/../../../x86_64-linux-gnu/libc.a(raise.o)
                              /usr/lib/gcc/x86_64-linux-gnu/11/../../../x86_64-linux-gnu/libc.a(dcigettext.o) (raise)
/usr/lib/gcc/x86_64-linux-gnu/11/../../../x86_64-linux-gnu/libc.a(abort.o)
                              /usr/lib/gcc/x86_64-linux-gnu/11/../../../x86_64-linux-gnu/libc.a(assert.o) (abort)
/usr/lib/gcc/x86_64-linux-gnu/11/../../../x86_64-linux-gnu/libc.a(msort.o)
                              /usr/lib/gcc/x86_64-linux-gnu/11/../../../x86_64-linux-gnu/libc.a(localealias.o) (qsort)
/usr/lib/gcc/x86_64-linux-gnu/11/../../../x86_64-linux-gnu/libc.a(getenv.o)
                              /usr/lib/gcc/x86_64-linux-gnu/11/../../../x86_64-linux-gnu/libc.a(dcigettext.o) (getenv)
/usr/lib/gcc/x86_64-linux-gnu/11/../../../x86_64-linux-gnu/libc.a(exit.o)
                              /usr/lib/gcc/x86_64-linux-gnu/11/../../../x86_64-linux-gnu/libc.a(libc-start.o) (exit)
/usr/lib/gcc/x86_64-linux-gnu/11/../../../x86_64-linux-gnu/libc.a(cxa_atexit.o)
                              /usr/lib/gcc/x86_64-linux-gnu/11/../../../x86_64-linux-gnu/libc.a(exit.o) (__exit_funcs_lock)
/usr/lib/gcc/x86_64-linux-gnu/11/../../../x86_64-linux-gnu/libc.a(strtoul.o)
                              /usr/lib/gcc/x86_64-linux-gnu/11/../../../x86_64-linux-gnu/libc.a(plural-exp.o) (strtoul)
/usr/lib/gcc/x86_64-linux-gnu/11/../../../x86_64-linux-gnu/libc.a(strtoul_l.o)
                              /usr/lib/gcc/x86_64-linux-gnu/11/../../../x86_64-linux-gnu/libc.a(strtoul.o) (____strtoul_l_internal)
[...]
Memory Configuration

Name             Origin             Length             Attributes
*default*        0x0000000000000000 0xffffffffffffffff

Linker script and memory map

LOAD /usr/lib/gcc/x86_64-linux-gnu/11/../../../x86_64-linux-gnu/crt1.o
LOAD /usr/lib/gcc/x86_64-linux-gnu/11/../../../x86_64-linux-gnu/crti.o
LOAD /usr/lib/gcc/x86_64-linux-gnu/11/crtbeginT.o
LOAD hello.o
START GROUP
LOAD /usr/lib/gcc/x86_64-linux-gnu/11/libgcc.a
LOAD /usr/lib/gcc/x86_64-linux-gnu/11/libgcc_eh.a
LOAD /usr/lib/gcc/x86_64-linux-gnu/11/../../../x86_64-linux-gnu/libc.a
END GROUP
LOAD /usr/lib/gcc/x86_64-linux-gnu/11/crtend.o
LOAD /usr/lib/gcc/x86_64-linux-gnu/11/../../../x86_64-linux-gnu/crtn.o
                [!provide]                        PROVIDE (__executable_start = SEGMENT_START ("text-segment", 0x400000))
                0x0000000000400270                . = (SEGMENT_START ("text-segment", 0x400000) + SIZEOF_HEADERS)

.interp
 *(.interp)

.note.gnu.property
                0x0000000000400270       0x30
 .note.gnu.property
                0x0000000000400270       0x30 /usr/lib/gcc/x86_64-linux-gnu/11/../../../x86_64-linux-gnu/crt1.o

.note.gnu.build-id
                0x00000000004002a0       0x24
 *(.note.gnu.build-id)
 .note.gnu.build-id
                0x00000000004002a0       0x24 /usr/lib/gcc/x86_64-linux-gnu/11/../../../x86_64-linux-gnu/crt1.o

.note.ABI-tag   0x00000000004002c4       0x20
 .note.ABI-tag  0x00000000004002c4       0x20 /usr/lib/gcc/x86_64-linux-gnu/11/../../../x86_64-linux-gnu/crt1.o

.hash
 *(.hash)

.gnu.hash
 *(.gnu.hash)

.dynsym
 *(.dynsym)

.dynstr
 *(.dynstr)

.gnu.version
 *(.gnu.version)

.gnu.version_d
 *(.gnu.version_d)

.gnu.version_r
 *(.gnu.version_r)

.rela.dyn       0x00000000004002e8        0x0
 *(.rela.init)
 *(.rela.text .rela.text.* .rela.gnu.linkonce.t.*)
 .rela.text     0x00000000004002e8        0x0 /usr/lib/gcc/x86_64-linux-gnu/11/../../../x86_64-linux-gnu/crt1.o
 *(.rela.fini)
 *(.rela.rodata .rela.rodata.* .rela.gnu.linkonce.r.*)
 *(.rela.data .rela.data.* .rela.gnu.linkonce.d.*)
 .rela.data.rel.ro
                0x00000000004002e8        0x0 /usr/lib/gcc/x86_64-linux-gnu/11/../../../x86_64-linux-gnu/crt1.o
 *(.rela.tdata .rela.tdata.* .rela.gnu.linkonce.td.*)
 *(.rela.tbss .rela.tbss.* .rela.gnu.linkonce.tb.*)
 *(.rela.ctors)
 *(.rela.dtors)
 *(.rela.got)
 .rela.got      0x00000000004002e8        0x0 /usr/lib/gcc/x86_64-linux-gnu/11/../../../x86_64-linux-gnu/crt1.o
 *(.rela.bss .rela.bss.* .rela.gnu.linkonce.b.*)
 *(.rela.ldata .rela.ldata.* .rela.gnu.linkonce.l.*)
 *(.rela.lbss .rela.lbss.* .rela.gnu.linkonce.lb.*)
 *(.rela.lrodata .rela.lrodata.* .rela.gnu.linkonce.lr.*)
 *(.rela.ifunc)
 .rela.eh_frame
                0x00000000004002e8        0x0 /usr/lib/gcc/x86_64-linux-gnu/11/../../../x86_64-linux-gnu/crt1.o
 .rela__libc_IO_vtables
                0x00000000004002e8        0x0 /usr/lib/gcc/x86_64-linux-gnu/11/../../../x86_64-linux-gnu/crt1.o

.rela.plt       0x00000000004002e8      0x240
 *(.rela.plt)
                0x00000000004002e8                PROVIDE (__rela_iplt_start = .)
 *(.rela.iplt)
 .rela.iplt     0x00000000004002e8      0x240 /usr/lib/gcc/x86_64-linux-gnu/11/../../../x86_64-linux-gnu/crt1.o
                0x0000000000400528                PROVIDE (__rela_iplt_end = .)

.relr.dyn
 *(.relr.dyn)
                0x0000000000401000                . = ALIGN (CONSTANT (MAXPAGESIZE))

.init           0x0000000000401000       0x1b
 *(SORT_NONE(.init))
 .init          0x0000000000401000       0x16 /usr/lib/gcc/x86_64-linux-gnu/11/../../../x86_64-linux-gnu/crti.o
                0x0000000000401000                _init
 .init          0x0000000000401016        0x5 /usr/lib/gcc/x86_64-linux-gnu/11/../../../x86_64-linux-gnu/crtn.o

.plt            0x0000000000401020      0x180
 *(.plt)
 *(.iplt)
 *fill*         0x0000000000401020        0x0 
 .iplt          0x0000000000401020      0x180 /usr/lib/gcc/x86_64-linux-gnu/11/../../../x86_64-linux-gnu/crt1.o

.plt.got
 *(.plt.got)

.plt.sec
 *(.plt.sec)

.text           0x00000000004011c0    0x95018
 *(.text.unlikely .text.*_unlikely .text.unlikely.*)
 .text.unlikely
                0x00000000004011c0        0xf /usr/lib/gcc/x86_64-linux-gnu/11/../../../x86_64-linux-gnu/libc.a(assert.o)
 .text.unlikely
                0x00000000004011cf        0x5 /usr/lib/gcc/x86_64-linux-gnu/11/../../../x86_64-linux-gnu/libc.a(loadmsgcat.o)
 .text.unlikely
                0x00000000004011d4      0x199 /usr/lib/gcc/x86_64-linux-gnu/11/../../../x86_64-linux-gnu/libc.a(abort.o)
                0x00000000004011d4                abort
 .text.unlikely
                0x000000000040136d       0x37 /usr/lib/gcc/x86_64-linux-gnu/11/../../../x86_64-linux-gnu/libc.a(iofclose.o)
 .text.unlikely
                0x00000000004013a4       0x36 /usr/lib/gcc/x86_64-linux-gnu/11/../../../x86_64-linux-gnu/libc.a(iofflush.o)
 .text.unlikely
                0x00000000004013da       0x37 /usr/lib/gcc/x86_64-linux-gnu/11/../../../x86_64-linux-gnu/libc.a(ioputs.o)
 .text.unlikely
                0x0000000000401411       0x37 /usr/lib/gcc/x86_64-linux-gnu/11/../../../x86_64-linux-gnu/libc.a(wfileops.o)
 .text.unlikely
                0x0000000000401448       0x39 /usr/lib/gcc/x86_64-linux-gnu/11/../../../x86_64-linux-gnu/libc.a(fileops.o)
 .text.unlikely
                0x0000000000401481        0xa /usr/lib/gcc/x86_64-linux-gnu/11/../../../x86_64-linux-gnu/libc.a(sysconf.o)
 .text.unlikely
                0x000000000040148b        0xc /usr/lib/gcc/x86_64-linux-gnu/11/../../../x86_64-linux-gnu/libc.a(init-first.o)
                0x000000000040148b                _dl_start
 .text.unlikely
                0x0000000000401497       0x36 /usr/lib/gcc/x86_64-linux-gnu/11/../../../x86_64-linux-gnu/libc.a(iofputs.o)
 .text.unlikely
                0x00000000004014cd       0x36 /usr/lib/gcc/x86_64-linux-gnu/11/../../../x86_64-linux-gnu/libc.a(iofwrite.o)
 .text.unlikely
                0x0000000000401503       0x36 /usr/lib/gcc/x86_64-linux-gnu/11/../../../x86_64-linux-gnu/libc.a(iogetdelim.o)
 .text.unlikely
                0x0000000000401539       0x29 /usr/lib/gcc/x86_64-linux-gnu/11/../../../x86_64-linux-gnu/libc.a(pthread_once.o)
 .text.unlikely
                0x0000000000401562       0x34 /usr/lib/gcc/x86_64-linux-gnu/11/../../../x86_64-linux-gnu/libc.a(dl-load.o)
 .text.unlikely
                0x0000000000401596        0x5 /usr/lib/gcc/x86_64-linux-gnu/11/../../../x86_64-linux-gnu/libc.a(printf_fp.o)
 .text.unlikely
                0x000000000040159b        0x5 /usr/lib/gcc/x86_64-linux-gnu/11/../../../x86_64-linux-gnu/libc.a(printf_fphex.o)
 .text.unlikely
                0x00000000004015a0        0x5 /usr/lib/gcc/x86_64-linux-gnu/11/../../../x86_64-linux-gnu/libc.a(nptl-stack.o)
 .text.unlikely
                0x00000000004015a5       0x57 /usr/lib/gcc/x86_64-linux-gnu/11/libgcc_eh.a(unwind-dw2.o)
 .text.unlikely
                0x00000000004015fc       0x33 /usr/lib/gcc/x86_64-linux-gnu/11/libgcc_eh.a(unwind-dw2-fde-dip.o)
 .text.unlikely
                0x000000000040162f       0x11 /usr/lib/gcc/x86_64-linux-gnu/11/libgcc_eh.a(unwind-c.o)
 .text.unlikely
                0x0000000000401640       0x10 /usr/lib/gcc/x86_64-linux-gnu/11/../../../x86_64-linux-gnu/libc.a(dl-iteratephdr.o)
 *(.text.exit .text.exit.*)
 *(.text.startup .text.startup.*)
 *(.text.hot .text.hot.*)
 *(SORT_BY_NAME(.text.sorted.*))
 *(.text .stub .text.* .gnu.linkonce.t.*)
 .text          0x0000000000401650       0x35 /usr/lib/gcc/x86_64-linux-gnu/11/../../../x86_64-linux-gnu/crt1.o
                0x0000000000401650                _start
                0x0000000000401680                _dl_relocate_static_pie
 .text          0x0000000000401685        0x0 /usr/lib/gcc/x86_64-linux-gnu/11/../../../x86_64-linux-gnu/crti.o
 *fill*         0x0000000000401685        0xb 
 .text          0x0000000000401690       0xe5 /usr/lib/gcc/x86_64-linux-gnu/11/crtbeginT.o
 .text          0x0000000000401775       0x1e hello.o
                0x0000000000401775                main
 *fill*         0x0000000000401793        0xd 
 .text          0x00000000004017a0     0x2684 /usr/lib/gcc/x86_64-linux-gnu/11/../../../x86_64-linux-gnu/libc.a(libc-start.o)
                0x0000000000402a40                __libc_start_main_impl
                0x0000000000402a40                __libc_start_main
 *fill*         0x0000000000403e24        0xc 
 .text          0x0000000000403e30      0x19f /usr/lib/gcc/x86_64-linux-gnu/11/../../../x86_64-linux-gnu/libc.a(check_fds.o)
                0x0000000000403e30                __libc_check_standard_fds
 *fill*         0x0000000000403fcf        0x1 
 .text          0x0000000000403fd0      0x2ca /usr/lib/gcc/x86_64-linux-gnu/11/../../../x86_64-linux-gnu/libc.a(libc-tls.o)
                0x0000000000403fd0                __libc_setup_tls
 .text          0x000000000040429a        0x0 /usr/lib/gcc/x86_64-linux-gnu/11/../../../x86_64-linux-gnu/libc.a(errno.o)
 *fill*         0x000000000040429a        0x6 
 .text          0x00000000004042a0      0x196 /usr/lib/gcc/x86_64-linux-gnu/11/../../../x86_64-linux-gnu/libc.a(assert.o)
                0x00000000004042a0                __assert_fail_base
                0x00000000004043f0                __assert_fail
 *fill*         0x0000000000404436        0xa 
 .text          0x0000000000404440       0x13 /usr/lib/gcc/x86_64-linux-gnu/11/../../../x86_64-linux-gnu/libc.a(dcgettext.o)
                0x0000000000404440                __dcgettext
                0x0000000000404440                dcgettext
 *fill*         0x0000000000404453        0xd 
 .text          0x0000000000404460     0x14df /usr/lib/gcc/x86_64-linux-gnu/11/../../../x86_64-linux-gnu/libc.a(dcigettext.o)
                0x00000000004046d0                _nl_find_msg
                0x0000000000405060                __dcigettext
 *fill*         0x000000000040593f        0x1 
 .text          0x0000000000405940      0x277 /usr/lib/gcc/x86_64-linux-gnu/11/../../../x86_64-linux-gnu/libc.a(finddomain.o)
                0x0000000000405940                _nl_find_domain
 *fill*         0x0000000000405bb7        0x9 
 .text          0x0000000000405bc0     0x14b5 /usr/lib/gcc/x86_64-linux-gnu/11/../../../x86_64-linux-gnu/libc.a(loadmsgcat.o)
                0x0000000000405bc0                _nl_load_domain
 *fill*         0x0000000000407075        0xb 
 .text          0x0000000000407080      0x6c1 /usr/lib/gcc/x86_64-linux-gnu/11/../../../x86_64-linux-gnu/libc.a(localealias.o)
                0x00000000004075a0                _nl_expand_alias
 *fill*         0x0000000000407741        0xf 
 .text          0x0000000000407750      0x6f2 /usr/lib/gcc/x86_64-linux-gnu/11/../../../x86_64-linux-gnu/libc.a(l10nflist.o)
                0x0000000000407750                _nl_make_l10nflist
                0x0000000000407d30                _nl_normalize_codeset
 *fill*         0x0000000000407e42        0xe 
 .text          0x0000000000407e50      0x1f5 /usr/lib/gcc/x86_64-linux-gnu/11/../../../x86_64-linux-gnu/libc.a(explodename.o)
                0x0000000000407e50                _nl_explode_name
 *fill*         0x0000000000408045        0xb 
 .text          0x0000000000408050     0x1d0b /usr/lib/gcc/x86_64-linux-gnu/11/../../../x86_64-linux-gnu/libc.a(plural.o)
                0x0000000000408050                __gettext_free_exp
                0x0000000000409510                __gettextparse
 *fill*         0x0000000000409d5b        0x5 
 .text          0x0000000000409d60      0x115 /usr/lib/gcc/x86_64-linux-gnu/11/../../../x86_64-linux-gnu/libc.a(plural-exp.o)
                0x0000000000409d60                __gettext_extract_plural
 *fill*         0x0000000000409e75        0xb 
 .text          0x0000000000409e80       0x5b /usr/lib/gcc/x86_64-linux-gnu/11/../../../x86_64-linux-gnu/libc.a(hash-string.o)
                0x0000000000409e80                __hash_string
 *fill*         0x0000000000409edb        0x5 
 .text          0x0000000000409ee0        0xb /usr/lib/gcc/x86_64-linux-gnu/11/../../../x86_64-linux-gnu/libc.a(bsd-_setjmp.o)
                0x0000000000409ee0                _setjmp
 *fill*         0x0000000000409eeb        0x5 
 .text          0x0000000000409ef0       0x31 /usr/lib/gcc/x86_64-linux-gnu/11/../../../x86_64-linux-gnu/libc.a(raise.o)
                0x0000000000409ef0                gsignal
                0x0000000000409ef0                raise
 .text          0x0000000000409f21        0x0 /usr/lib/gcc/x86_64-linux-gnu/11/../../../x86_64-linux-gnu/libc.a(abort.o)
 *fill*         0x0000000000409f21        0xf 
 .text          0x0000000000409f30      0x80c /usr/lib/gcc/x86_64-linux-gnu/11/../../../x86_64-linux-gnu/libc.a(msort.o)
                0x000000000040a350                __qsort_r
                0x000000000040a350                qsort_r
                0x000000000040a730                qsort
 *fill*         0x000000000040a73c        0x4 
 .text          0x000000000040a740       0xe8 /usr/lib/gcc/x86_64-linux-gnu/11/../../../x86_64-linux-gnu/libc.a(getenv.o)
                0x000000000040a740                getenv
 *fill*         0x000000000040a828        0x8 
 .text          0x000000000040a830      0x280 /usr/lib/gcc/x86_64-linux-gnu/11/../../../x86_64-linux-gnu/libc.a(exit.o)
                0x000000000040a830                __run_exit_handlers
                0x000000000040aa90                exit
 .text          0x000000000040aab0      0x2cd /usr/lib/gcc/x86_64-linux-gnu/11/../../../x86_64-linux-gnu/libc.a(cxa_atexit.o)
                0x000000000040aab0                __new_exitfn
                0x000000000040abc0                __internal_atexit
                0x000000000040aca0                __cxa_atexit
 *fill*         0x000000000040ad7d        0x3 
 .text          0x000000000040ad80       0x36 /usr/lib/gcc/x86_64-linux-gnu/11/../../../x86_64-linux-gnu/libc.a(strtoul.o)
                0x000000000040ad80                __strtoull_internal
                0x000000000040ad80                __strtoul_internal
                0x000000000040ada0                strtoumax
                0x000000000040ada0                strtoul
                0x000000000040ada0                strtoull
                0x000000000040ada0                strtouq
                0x000000000040ada0                __strtoul
 *fill*         0x000000000040adb6        0xa 
 .text          0x000000000040adc0      0x4ce /usr/lib/gcc/x86_64-linux-gnu/11/../../../x86_64-linux-gnu/libc.a(strtoul_l.o)
                0x000000000040adc0                ____strtoul_l_internal
                0x000000000040adc0                ____strtoull_l_internal
                0x000000000040b280                __strtoull_l
                0x000000000040b280                strtoull_l
                0x000000000040b280                strtoul_l
                0x000000000040b280                __strtoul_l
 *fill*         0x000000000040b28e        0x2 
 .text          0x000000000040b290      0x327 /usr/lib/gcc/x86_64-linux-gnu/11/../../../x86_64-linux-gnu/libc.a(grouping.o)
                0x000000000040b290                __correctly_grouped_prefixmb
 *fill*         0x000000000040b5b7        0x9 
 .text          0x000000000040b5c0       0xb7 /usr/lib/gcc/x86_64-linux-gnu/11/../../../x86_64-linux-gnu/libc.a(asprintf.o)
                0x000000000040b5c0                __asprintf
                0x000000000040b5c0                asprintf
                0x000000000040b5c0                ___asprintf
 *fill*         0x000000000040b677        0x9 
 .text          0x000000000040b680      0x579 /usr/lib/gcc/x86_64-linux-gnu/11/../../../x86_64-linux-gnu/libc.a(fxprintf.o)
                0x000000000040b840                __vfxprintf
                0x000000000040b910                __fxprintf
                0x000000000040ba80                __fxprintf_nocancel
 *fill*         0x000000000040bbf9        0x7 
 .text          0x000000000040bc00      0x1e6 /usr/lib/gcc/x86_64-linux-gnu/11/../../../x86_64-linux-gnu/libc.a(iofclose.o)
                0x000000000040bc00                _IO_fclose
                0x000000000040bc00                _IO_new_fclose
                0x000000000040bc00                fclose
                0x000000000040bc00                __new_fclose
 *fill*         0x000000000040bde6        0xa 
 .text          0x000000000040bdf0       0xf6 /usr/lib/gcc/x86_64-linux-gnu/11/../../../x86_64-linux-gnu/libc.a(iofflush.o)
                0x000000000040bdf0                _IO_fflush
                0x000000000040bdf0                fflush
 *fill*         0x000000000040bee6        0xa 
 .text          0x000000000040bef0      0x246 /usr/lib/gcc/x86_64-linux-gnu/11/../../../x86_64-linux-gnu/libc.a(iofopen.o)
                0x000000000040bef0                __fopen_maybe_mmap
                0x000000000040bf40                __fopen_internal
                0x000000000040c040                _IO_fopen64
                0x000000000040c040                _IO_new_fopen
                0x000000000040c040                fopen
                0x000000000040c040                _IO_fopen
                0x000000000040c040                __new_fopen
                0x000000000040c040                fopen64
 *fill*         0x000000000040c136        0xa 
 .text          0x000000000040c140      0x199 /usr/lib/gcc/x86_64-linux-gnu/11/../../../x86_64-linux-gnu/libc.a(ioputs.o)
                0x000000000040c140                puts
                0x000000000040c140                _IO_puts
 *fill*         0x000000000040c2d9        0x7 
 .text          0x000000000040c2e0     0x1a94 /usr/lib/gcc/x86_64-linux-gnu/11/../../../x86_64-linux-gnu/libc.a(wfileops.o)
                0x000000000040c2e0                _IO_wfile_underflow
                0x000000000040ca50                _IO_wfile_seekoff
                0x000000000040d4a0                _IO_wdo_write
                0x000000000040d690                _IO_wfile_overflow
                0x000000000040d9a0                _IO_wfile_sync
                0x000000000040db40                _IO_wfile_xsputn
 *fill*         0x000000000040dd74        0xc 
 .text          0x000000000040dd80      0x4b8 /usr/lib/gcc/x86_64-linux-gnu/11/../../../x86_64-linux-gnu/libc.a(iofwide.o)
                0x000000000040dd80                _IO_fwide
                0x000000000040df00                __libio_codecvt_out
                0x000000000040e000                __libio_codecvt_in
                0x000000000040e100                __libio_codecvt_encoding
                0x000000000040e130                __libio_codecvt_length
 *fill*         0x000000000040e238        0x8 
 .text          0x000000000040e240      0x1ab /usr/lib/gcc/x86_64-linux-gnu/11/../../../x86_64-linux-gnu/libc.a(vasprintf.o)
                0x000000000040e240                __vasprintf_internal
                0x000000000040e3e0                __vasprintf
                0x000000000040e3e0                vasprintf
 *fill*         0x000000000040e3eb        0x5 
 .text          0x000000000040e3f0      0x470 /usr/lib/gcc/x86_64-linux-gnu/11/../../../x86_64-linux-gnu/libc.a(libc_fatal.o)
                0x000000000040e550                __libc_message
                0x000000000040e840                __libc_fatal
 .text          0x000000000040e860       0x1c /usr/lib/gcc/x86_64-linux-gnu/11/../../../x86_64-linux-gnu/libc.a(vtables.o)
                0x000000000040e860                _IO_vtable_check
 *fill*         0x000000000040e87c        0x4 
 .text          0x000000000040e880       0x98 /usr/lib/gcc/x86_64-linux-gnu/11/../../../x86_64-linux-gnu/libc.a(iofgets_u.o)
                0x000000000040e880                __fgets_unlocked
                0x000000000040e880                fgets_unlocked
 *fill*         0x000000000040e918        0x8 
 .text          0x000000000040e920     0x2b11 /usr/lib/gcc/x86_64-linux-gnu/11/../../../x86_64-linux-gnu/libc.a(fileops.o)
                0x000000000040e990                _IO_file_close
                0x000000000040e9a0                _IO_file_setbuf
                0x000000000040e9a0                _IO_new_file_setbuf
                0x000000000040e9d0                _IO_file_setbuf_mmap
                0x000000000040ea50                _IO_file_underflow
                0x000000000040ea50                _IO_new_file_underflow
                0x000000000040ed40                _IO_file_close_mmap
                0x000000000040ed70                _IO_file_seek
                0x000000000040efe0                _IO_file_seekoff
                0x000000000040efe0                _IO_new_file_seekoff
                0x000000000040f5b0                _IO_file_stat
                0x000000000040f5c0                _IO_file_write
                0x000000000040f5c0                _IO_new_file_write
                0x000000000040f9a0                _IO_file_xsgetn
                0x000000000040fba0                _IO_file_seekoff_mmap
                0x000000000040fcd0                _IO_new_file_xsputn
                0x000000000040fcd0                _IO_file_xsputn
                0x000000000040ffd0                _IO_file_read
                0x0000000000410000                _IO_file_underflow_maybe_mmap
                0x00000000004101f0                _IO_file_underflow_mmap
                0x00000000004104b0                _IO_new_file_init_internal
                0x00000000004104e0                _IO_new_file_init
                0x00000000004104e0                _IO_file_init
                0x0000000000410510                _IO_file_open
                0x0000000000410600                _IO_new_file_attach
                0x0000000000410600                _IO_file_attach
                0x00000000004106b0                _IO_new_do_write
                0x00000000004106b0                _IO_do_write
                0x0000000000410830                _IO_new_file_close_it
                0x0000000000410830                _IO_file_close_it
                0x0000000000410990                _IO_new_file_fopen
                0x0000000000410990                _IO_file_fopen
                0x0000000000411090                _IO_file_finish
                0x0000000000411090                _IO_new_file_finish
                0x0000000000411130                _IO_file_overflow
                0x0000000000411130                _IO_new_file_overflow
                0x0000000000411350                _IO_file_sync
                0x0000000000411350                _IO_new_file_sync
 *fill*         0x0000000000411431        0xf 
 .text          0x0000000000411440     0x26db /usr/lib/gcc/x86_64-linux-gnu/11/../../../x86_64-linux-gnu/libc.a(genops.o)
                0x00000000004118f0                _IO_un_link
                0x0000000000411910                _IO_link_in
                0x0000000000411b10                _IO_least_marker
                0x0000000000411b40                _IO_switch_to_main_get_area
                0x0000000000411b80                _IO_switch_to_backup_area
                0x0000000000411bb0                _IO_switch_to_get_mode
                0x0000000000411c50                _IO_free_backup_area
                0x0000000000411ca0                __overflow
                0x0000000000411d10                __underflow
                0x0000000000411ee0                __uflow
                0x00000000004120d0                _IO_setb
                0x0000000000412140                _IO_doallocbuf
                0x0000000000412200                _IO_default_underflow
                0x0000000000412210                _IO_default_uflow
                0x0000000000412270                _IO_default_xsputn
                0x0000000000412450                _IO_sgetn
                0x00000000004124c0                _IO_default_xsgetn
                0x0000000000412800                _IO_default_setbuf
                0x0000000000412900                _IO_default_seekpos
                0x0000000000412970                _IO_default_doallocate
                0x00000000004129f0                _IO_init_internal
                0x0000000000412a80                _IO_init
                0x0000000000412b10                _IO_enable_locks
                0x0000000000412b50                _IO_old_init
                0x0000000000412bc0                _IO_no_init
                0x0000000000412c90                _IO_default_sync
                0x0000000000412ca0                _IO_default_finish
                0x0000000000412d10                _IO_default_seekoff
                0x0000000000412d20                _IO_sputbackc
                0x0000000000412da0                _IO_sungetc
                0x0000000000412e20                _IO_adjust_column
                0x0000000000412e50                _IO_flush_all_lockp
                0x00000000004130c0                _IO_cleanup
                0x0000000000413370                _IO_flush_all
                0x0000000000413380                _IO_flush_all_linebuffered
                0x0000000000413380                _flushlbf
                0x00000000004135a0                _IO_init_marker
                0x0000000000413690                _IO_remove_marker
                0x00000000004136d0                _IO_marker_difference
                0x00000000004136e0                _IO_marker_delta
                0x0000000000413720                _IO_seekmark
                0x00000000004137d0                _IO_unsave_markers
                0x0000000000413830                _IO_default_pbackfail
                0x00000000004139d0                _IO_default_seek
                0x00000000004139e0                _IO_default_stat
                0x00000000004139f0                _IO_default_read
                0x0000000000413a00                _IO_default_write
                0x0000000000413a10                _IO_default_showmanyc
                0x0000000000413a20                _IO_default_imbue
                0x0000000000413a30                _IO_iter_begin
                0x0000000000413a40                _IO_iter_end
                0x0000000000413a50                _IO_iter_next
                0x0000000000413a60                _IO_iter_file
                0x0000000000413a70                _IO_list_lock
                0x0000000000413ac0                _IO_list_unlock
                0x0000000000413b00                _IO_list_resetlock
 .text          0x0000000000413b1b        0x0 /usr/lib/gcc/x86_64-linux-gnu/11/../../../x86_64-linux-gnu/libc.a(stdfiles.o)
 .text          0x0000000000413b1b        0x0 /usr/lib/gcc/x86_64-linux-gnu/11/../../../x86_64-linux-gnu/libc.a(stdio.o)
 *fill*         0x0000000000413b1b        0x5 
 .text          0x0000000000413b20      0x9d8 /usr/lib/gcc/x86_64-linux-gnu/11/../../../x86_64-linux-gnu/libc.a(strops.o)
                0x0000000000413b20                _IO_str_underflow
                0x0000000000413b80                _IO_str_overflow
                0x0000000000413f40                _IO_str_seekoff
                0x0000000000414220                _IO_str_pbackfail
                0x0000000000414240                _IO_str_finish
                0x0000000000414280                _IO_str_init_static_internal
                0x0000000000414350                _IO_str_init_static
                0x0000000000414430                _IO_str_init_readonly
                0x00000000004144e0                _IO_str_count
 *fill*         0x00000000004144f8        0x8 
 .text          0x0000000000414500       0x48 /usr/lib/gcc/x86_64-linux-gnu/11/../../../x86_64-linux-gnu/libc.a(alloca_cutoff.o)
                0x0000000000414500                __libc_alloca_cutoff
 *fill*         0x0000000000414548        0x8 
 .text          0x0000000000414550       0x6d /usr/lib/gcc/x86_64-linux-gnu/11/../../../x86_64-linux-gnu/libc.a(libc-cleanup.o)
                0x0000000000414550                __libc_cleanup_push_defer
                0x0000000000414590                __libc_cleanup_pop_restore
 *fill*         0x00000000004145bd        0x3 
 .text          0x00000000004145c0      0x108 /usr/lib/gcc/x86_64-linux-gnu/11/../../../x86_64-linux-gnu/libc.a(lowlevellock.o)
                0x00000000004145c0                __lll_lock_wait_private
                0x0000000000414620                __lll_lock_wait
                0x0000000000414690                __lll_lock_wake_private
                0x00000000004146b0                __lll_lock_wake
 *fill*         0x00000000004146c8        0x8 
 .text          0x00000000004146d0      0x143 /usr/lib/gcc/x86_64-linux-gnu/11/../../../x86_64-linux-gnu/libc.a(nptl_deallocate_tsd.o)
                0x00000000004146d0                __nptl_deallocate_tsd
 .text          0x0000000000414813        0x0 /usr/lib/gcc/x86_64-linux-gnu/11/../../../x86_64-linux-gnu/libc.a(nptl_nthreads.o)
 .text          0x0000000000414813        0x0 /usr/lib/gcc/x86_64-linux-gnu/11/../../../x86_64-linux-gnu/libc.a(pthread_keys.o)
 *fill*         0x0000000000414813        0xd 
 .text          0x0000000000414820      0x2ca /usr/lib/gcc/x86_64-linux-gnu/11/../../../x86_64-linux-gnu/libc.a(pthread_kill.o)
                0x0000000000414820                __pthread_kill_internal
                0x0000000000414980                pthread_kill
                0x0000000000414980                __pthread_kill
 *fill*         0x0000000000414aea        0x6 
 .text          0x0000000000414af0       0x3e /usr/lib/gcc/x86_64-linux-gnu/11/../../../x86_64-linux-gnu/libc.a(pthread_rwlock_init.o)
                0x0000000000414af0                pthread_rwlock_init
                0x0000000000414af0                __pthread_rwlock_init
                0x0000000000414af0                ___pthread_rwlock_init
 *fill*         0x0000000000414b2e        0x2 
 .text          0x0000000000414b30      0x1ed /usr/lib/gcc/x86_64-linux-gnu/11/../../../x86_64-linux-gnu/libc.a(pthread_rwlock_rdlock.o)
                0x0000000000414b30                pthread_rwlock_rdlock
                0x0000000000414b30                __pthread_rwlock_rdlock
                0x0000000000414b30                ___pthread_rwlock_rdlock
 *fill*         0x0000000000414d1d        0x3 
 .text          0x0000000000414d20      0x1cf /usr/lib/gcc/x86_64-linux-gnu/11/../../../x86_64-linux-gnu/libc.a(pthread_rwlock_unlock.o)
                0x0000000000414d20                pthread_rwlock_unlock
                0x0000000000414d20                __pthread_rwlock_unlock
                0x0000000000414d20                ___pthread_rwlock_unlock
 *fill*         0x0000000000414eef        0x1 
 .text          0x0000000000414ef0      0x36e /usr/lib/gcc/x86_64-linux-gnu/11/../../../x86_64-linux-gnu/libc.a(pthread_rwlock_wrlock.o)
                0x0000000000414ef0                ___pthread_rwlock_wrlock
                0x0000000000414ef0                __pthread_rwlock_wrlock
                0x0000000000414ef0                pthread_rwlock_wrlock
 *fill*         0x000000000041525e        0x2 
 .text          0x0000000000415260        0xe /usr/lib/gcc/x86_64-linux-gnu/11/../../../x86_64-linux-gnu/libc.a(pthread_self.o)
                0x0000000000415260                pthread_self
                0x0000000000415260                __pthread_self
 *fill*         0x000000000041526e        0x2 
 .text          0x0000000000415270       0x2f /usr/lib/gcc/x86_64-linux-gnu/11/../../../x86_64-linux-gnu/libc.a(pthread_setcancelstate.o)
                0x0000000000415270                __pthread_setcancelstate
                0x0000000000415270                pthread_setcancelstate
 *fill*         0x000000000041529f        0x1 
 .text          0x00000000004152a0       0x4b /usr/lib/gcc/x86_64-linux-gnu/11/../../../x86_64-linux-gnu/libc.a(pthread_testcancel.o)
                0x00000000004152a0                ___pthread_testcancel
                0x00000000004152a0                pthread_testcancel
                0x00000000004152a0                __pthread_testcancel
 *fill*         0x00000000004152eb        0x5 
 .text          0x00000000004152f0     0x67da /usr/lib/gcc/x86_64-linux-gnu/11/../../../x86_64-linux-gnu/libc.a(malloc.o)
                0x0000000000419570                __glibc_morecore
                0x00000000004195b0                __malloc_fork_lock_parent
                0x0000000000419630                __malloc_fork_unlock_parent
                0x00000000004196b0                __malloc_fork_unlock_child
                0x0000000000419760                malloc
                0x0000000000419760                __malloc
                0x0000000000419760                __libc_malloc
                0x0000000000419aa0                __free
                0x0000000000419aa0                __libc_free
                0x0000000000419aa0                free
                0x0000000000419ba0                __malloc_arena_thread_freeres
                0x0000000000419df0                __libc_realloc
                0x0000000000419df0                realloc
                0x0000000000419df0                __realloc
                0x000000000041a2f0                __libc_memalign
                0x000000000041a2f0                __memalign
                0x000000000041a2f0                memalign
                0x000000000041a2f0                aligned_alloc
                0x000000000041a5d0                __libc_valloc
                0x000000000041a5d0                valloc
                0x000000000041a5d0                __valloc
                0x000000000041a8b0                pvalloc
                0x000000000041a8b0                __libc_pvalloc
                0x000000000041a8b0                __pvalloc
                0x000000000041abb0                __calloc
                0x000000000041abb0                calloc
                0x000000000041abb0                __libc_calloc
                0x000000000041af00                __malloc_trim
                0x000000000041af00                malloc_trim
                0x000000000041b1a0                malloc_usable_size
                0x000000000041b1a0                __malloc_usable_size
                0x000000000041b1e0                __mallinfo2
                0x000000000041b1e0                mallinfo2
                0x000000000041b1e0                __libc_mallinfo2
                0x000000000041b300                __mallinfo
                0x000000000041b300                __libc_mallinfo
                0x000000000041b300                mallinfo
                0x000000000041b380                malloc_stats
                0x000000000041b380                __malloc_stats
                0x000000000041b5b0                __libc_mallopt
                0x000000000041b5b0                mallopt
                0x000000000041b5b0                __mallopt
                0x000000000041b790                __posix_memalign
                0x000000000041b790                posix_memalign
                0x000000000041ba90                __malloc_info
                0x000000000041ba90                malloc_info
 *fill*         0x000000000041baca        0x6 
 .text          0x000000000041bad0       0x70 /usr/lib/gcc/x86_64-linux-gnu/11/../../../x86_64-linux-gnu/libc.a(strchr.o)
                0x000000000041bad0                index
                0x000000000041bad0                strchr
 .text          0x000000000041bb40       0x79 /usr/lib/gcc/x86_64-linux-gnu/11/../../../x86_64-linux-gnu/libc.a(strcmp.o)
                0x000000000041bb40                strcmp
 *fill*         0x000000000041bbb9        0x7 
 .text          0x000000000041bbc0       0x71 /usr/lib/gcc/x86_64-linux-gnu/11/../../../x86_64-linux-gnu/libc.a(strcpy.o)
                0x000000000041bbc0                strcpy
 *fill*         0x000000000041bc31        0xf 
 .text          0x000000000041bc40       0x1e /usr/lib/gcc/x86_64-linux-gnu/11/../../../x86_64-linux-gnu/libc.a(strcspn.o)
                0x000000000041bc40                strcspn
 *fill*         0x000000000041bc5e        0x2 
 .text          0x000000000041bc60       0x40 /usr/lib/gcc/x86_64-linux-gnu/11/../../../x86_64-linux-gnu/libc.a(strdup.o)
                0x000000000041bc60                __strdup
                0x000000000041bc60                strdup
 .text          0x000000000041bca0       0x70 /usr/lib/gcc/x86_64-linux-gnu/11/../../../x86_64-linux-gnu/libc.a(strlen.o)
                0x000000000041bca0                strlen
 .text          0x000000000041bd10       0x91 /usr/lib/gcc/x86_64-linux-gnu/11/../../../x86_64-linux-gnu/libc.a(strncmp.o)
                0x000000000041bd10                strncmp
 *fill*         0x000000000041bda1        0xf 
 .text          0x000000000041bdb0      0x7fe /usr/lib/gcc/x86_64-linux-gnu/11/../../../x86_64-linux-gnu/libc.a(strstr.o)
                0x000000000041c240                __strstr_sse2
                0x000000000041c590                strstr
                0x000000000041c590                __libc_strstr
 *fill*         0x000000000041c5ae        0x2 
 .text          0x000000000041c5b0       0x91 /usr/lib/gcc/x86_64-linux-gnu/11/../../../x86_64-linux-gnu/libc.a(memcmp.o)
                0x000000000041c5b0                bcmp
                0x000000000041c5b0                memcmp
 *fill*         0x000000000041c641        0xf 
 .text          0x000000000041c650      0x106 /usr/lib/gcc/x86_64-linux-gnu/11/../../../x86_64-linux-gnu/libc.a(memmove.o)
                0x000000000041c650                memmove
                0x000000000041c650                __libc_memmove
 *fill*         0x000000000041c756        0xa 
 .text          0x000000000041c760       0xf1 /usr/lib/gcc/x86_64-linux-gnu/11/../../../x86_64-linux-gnu/libc.a(memset.o)
                0x000000000041c760                memset
 *fill*         0x000000000041c851        0xf 
 .text          0x000000000041c860      0x106 /usr/lib/gcc/x86_64-linux-gnu/11/../../../x86_64-linux-gnu/libc.a(mempcpy.o)
                0x000000000041c860                mempcpy
                0x000000000041c860                __mempcpy
 *fill*         0x000000000041c966        0xa 
 .text          0x000000000041c970       0x71 /usr/lib/gcc/x86_64-linux-gnu/11/../../../x86_64-linux-gnu/libc.a(stpcpy.o)
                0x000000000041c970                stpcpy
                0x000000000041c970                __stpcpy
 *fill*         0x000000000041c9e1        0xf 
 .text          0x000000000041c9f0       0x47 /usr/lib/gcc/x86_64-linux-gnu/11/../../../x86_64-linux-gnu/libc.a(strcasecmp_l.o)
                0x000000000041c9f0                strcasecmp_l
                0x000000000041c9f0                __strcasecmp_l
 *fill*         0x000000000041ca37        0x9 
 .text          0x000000000041ca40      0x106 /usr/lib/gcc/x86_64-linux-gnu/11/../../../x86_64-linux-gnu/libc.a(memcpy.o)
                0x000000000041ca40                memcpy
                0x000000000041ca40                __new_memcpy
 *fill*         0x000000000041cb46        0xa 
 .text          0x000000000041cb50       0x7d /usr/lib/gcc/x86_64-linux-gnu/11/../../../x86_64-linux-gnu/libc.a(rawmemchr.o)
                0x000000000041cb50                __rawmemchr
                0x000000000041cb50                rawmemchr
 *fill*         0x000000000041cbcd        0x3 
 .text          0x000000000041cbd0       0x70 /usr/lib/gcc/x86_64-linux-gnu/11/../../../x86_64-linux-gnu/libc.a(strchrnul.o)
                0x000000000041cbd0                __strchrnul
                0x000000000041cbd0                strchrnul
 .text          0x000000000041cc40     0x1449 /usr/lib/gcc/x86_64-linux-gnu/11/../../../x86_64-linux-gnu/libc.a(strcmp-sse2.o)
                0x000000000041cc40                __strcmp_sse2
 *fill*         0x000000000041e089        0x7 
 .text          0x000000000041e090      0x2a3 /usr/lib/gcc/x86_64-linux-gnu/11/../../../x86_64-linux-gnu/libc.a(strcmp-sse2-unaligned.o)
                0x000000000041e090                __strcmp_sse2_unaligned
 .text          0x000000000041e333        0x0 /usr/lib/gcc/x86_64-linux-gnu/11/../../../x86_64-linux-gnu/libc.a(strcmp-ssse3.o)
 *fill*         0x000000000041e333        0xd 
 .text.ssse3    0x000000000041e340     0x1269 /usr/lib/gcc/x86_64-linux-gnu/11/../../../x86_64-linux-gnu/libc.a(strcmp-ssse3.o)
                0x000000000041e340                __strcmp_ssse3
 .text          0x000000000041f5a9        0x0 /usr/lib/gcc/x86_64-linux-gnu/11/../../../x86_64-linux-gnu/libc.a(strcmp-avx2.o)
 *fill*         0x000000000041f5a9        0x7 
 .text.avx      0x000000000041f5b0      0x43f /usr/lib/gcc/x86_64-linux-gnu/11/../../../x86_64-linux-gnu/libc.a(strcmp-avx2.o)
                0x000000000041f5b0                __strcmp_avx2
 *fill*         0x000000000041f9ef        0x1 
 .text          0x000000000041f9f0     0x1859 /usr/lib/gcc/x86_64-linux-gnu/11/../../../x86_64-linux-gnu/libc.a(strncmp-sse2.o)
                0x000000000041f9f0                __strncmp_sse2
 .text          0x0000000000421249        0x0 /usr/lib/gcc/x86_64-linux-gnu/11/../../../x86_64-linux-gnu/libc.a(strncmp-ssse3.o)
 *fill*         0x0000000000421249        0x7 
 .text.ssse3    0x0000000000421250     0x1769 /usr/lib/gcc/x86_64-linux-gnu/11/../../../x86_64-linux-gnu/libc.a(strncmp-ssse3.o)
                0x0000000000421250                __strncmp_ssse3
 .text          0x00000000004229b9        0x0 /usr/lib/gcc/x86_64-linux-gnu/11/../../../x86_64-linux-gnu/libc.a(strncmp-sse4_2.o)
 *fill*         0x00000000004229b9        0x7 
 .text.sse4.2   0x00000000004229c0      0xfd9 /usr/lib/gcc/x86_64-linux-gnu/11/../../../x86_64-linux-gnu/libc.a(strncmp-sse4_2.o)
                0x00000000004229c0                __strncmp_sse42
 .text          0x0000000000423999        0x0 /usr/lib/gcc/x86_64-linux-gnu/11/../../../x86_64-linux-gnu/libc.a(strncmp-avx2.o)
 *fill*         0x0000000000423999        0x7 
 .text.avx      0x00000000004239a0      0x528 /usr/lib/gcc/x86_64-linux-gnu/11/../../../x86_64-linux-gnu/libc.a(strncmp-avx2.o)
                0x00000000004239a0                __strncmp_avx2
 *fill*         0x0000000000423ec8        0x8 
 .text          0x0000000000423ed0      0x209 /usr/lib/gcc/x86_64-linux-gnu/11/../../../x86_64-linux-gnu/libc.a(rawmemchr-sse2.o)
                0x0000000000423ed0                __rawmemchr_sse2
 .text          0x00000000004240d9        0x0 /usr/lib/gcc/x86_64-linux-gnu/11/../../../x86_64-linux-gnu/libc.a(rawmemchr-avx2.o)
 *fill*         0x00000000004240d9        0x7 
 .text.avx      0x00000000004240e0      0x16f /usr/lib/gcc/x86_64-linux-gnu/11/../../../x86_64-linux-gnu/libc.a(rawmemchr-avx2.o)
                0x00000000004240e0                __rawmemchr_avx2
 *fill*         0x000000000042424f        0x1 
 .text          0x0000000000424250      0x400 /usr/lib/gcc/x86_64-linux-gnu/11/../../../x86_64-linux-gnu/libc.a(memcmp-sse2.o)
                0x0000000000424250                __memcmp_sse2
 .text          0x0000000000424650        0x0 /usr/lib/gcc/x86_64-linux-gnu/11/../../../x86_64-linux-gnu/libc.a(memcmp-avx2-movbe.o)
 *fill*         0x0000000000424650       0x10 
 .text.avx      0x0000000000424660      0x43d /usr/lib/gcc/x86_64-linux-gnu/11/../../../x86_64-linux-gnu/libc.a(memcmp-avx2-movbe.o)
                0x0000000000424660                __memcmp_avx2_movbe
 .text          0x0000000000424a9d        0x0 /usr/lib/gcc/x86_64-linux-gnu/11/../../../x86_64-linux-gnu/libc.a(memcmp-sse4.o)
 *fill*         0x0000000000424a9d        0x3 
 .text.sse4.1   0x0000000000424aa0      0x89f /usr/lib/gcc/x86_64-linux-gnu/11/../../../x86_64-linux-gnu/libc.a(memcmp-sse4.o)
                0x0000000000424aa0                __memcmp_sse4_1
 .text          0x000000000042533f        0x0 /usr/lib/gcc/x86_64-linux-gnu/11/../../../x86_64-linux-gnu/libc.a(memcpy-ssse3.o)
 *fill*         0x000000000042533f        0x1 
 .text.ssse3    0x0000000000425340     0x29f7 /usr/lib/gcc/x86_64-linux-gnu/11/../../../x86_64-linux-gnu/libc.a(memcpy-ssse3.o)
                0x0000000000425340                __mempcpy_chk_ssse3
                0x0000000000425350                __mempcpy_ssse3
                0x0000000000425360                __memcpy_chk_ssse3
                0x0000000000425370                __memcpy_ssse3
 .text          0x0000000000427d37        0x0 /usr/lib/gcc/x86_64-linux-gnu/11/../../../x86_64-linux-gnu/libc.a(memmove-ssse3.o)
 *fill*         0x0000000000427d37        0x9 
 .text.ssse3    0x0000000000427d40     0x2b88 /usr/lib/gcc/x86_64-linux-gnu/11/../../../x86_64-linux-gnu/libc.a(memmove-ssse3.o)
                0x0000000000427d40                __memmove_chk_ssse3
                0x0000000000427d50                __memmove_ssse3
 .text          0x000000000042a8c8        0x0 /usr/lib/gcc/x86_64-linux-gnu/11/../../../x86_64-linux-gnu/libc.a(memcpy-ssse3-back.o)
 *fill*         0x000000000042a8c8        0x8 
 .text.ssse3    0x000000000042a8d0     0x2b06 /usr/lib/gcc/x86_64-linux-gnu/11/../../../x86_64-linux-gnu/libc.a(memcpy-ssse3-back.o)
                0x000000000042a8d0                __mempcpy_chk_ssse3_back
                0x000000000042a8e0                __mempcpy_ssse3_back
                0x000000000042a8f0                __memcpy_chk_ssse3_back
                0x000000000042a900                __memcpy_ssse3_back
 .text          0x000000000042d3d6        0x0 /usr/lib/gcc/x86_64-linux-gnu/11/../../../x86_64-linux-gnu/libc.a(memmove-ssse3-back.o)
 *fill*         0x000000000042d3d6        0xa 
 .text.ssse3    0x000000000042d3e0     0x2b26 /usr/lib/gcc/x86_64-linux-gnu/11/../../../x86_64-linux-gnu/libc.a(memmove-ssse3-back.o)
                0x000000000042d3e0                __memmove_chk_ssse3_back
                0x000000000042d3f0                __memmove_ssse3_back
 .text          0x000000000042ff06        0x0 /usr/lib/gcc/x86_64-linux-gnu/11/../../../x86_64-linux-gnu/libc.a(memmove-avx512-no-vzeroupper.o)
 *fill*         0x000000000042ff06        0xa 
 .text.avx512   0x000000000042ff10      0x76f /usr/lib/gcc/x86_64-linux-gnu/11/../../../x86_64-linux-gnu/libc.a(memmove-avx512-no-vzeroupper.o)
                0x000000000042ff10                __mempcpy_chk_avx512_no_vzeroupper
                0x000000000042ff20                __mempcpy_avx512_no_vzeroupper
                0x000000000042ff30                __memcpy_chk_avx512_no_vzeroupper
                0x000000000042ff30                __memmove_chk_avx512_no_vzeroupper
                0x000000000042ff40                __memcpy_avx512_no_vzeroupper
                0x000000000042ff40                __memmove_avx512_no_vzeroupper
 *fill*         0x000000000043067f        0x1 
 .text          0x0000000000430680     0x2246 /usr/lib/gcc/x86_64-linux-gnu/11/../../../x86_64-linux-gnu/libc.a(strcasecmp_l-sse2.o)
                0x0000000000430680                __strcasecmp_sse2
                0x00000000004306a0                __strcasecmp_l_sse2
 .text          0x00000000004328c6        0x0 /usr/lib/gcc/x86_64-linux-gnu/11/../../../x86_64-linux-gnu/libc.a(strcasecmp_l-ssse3.o)
 *fill*         0x00000000004328c6        0xa 
 .text.ssse3    0x00000000004328d0     0x2156 /usr/lib/gcc/x86_64-linux-gnu/11/../../../x86_64-linux-gnu/libc.a(strcasecmp_l-ssse3.o)
                0x00000000004328d0                __strcasecmp_ssse3
                0x00000000004328f0                __strcasecmp_l_ssse3
 .text          0x0000000000434a26        0x0 /usr/lib/gcc/x86_64-linux-gnu/11/../../../x86_64-linux-gnu/libc.a(strcasecmp_l-sse4_2.o)
 *fill*         0x0000000000434a26        0xa 
 .text.sse4.2   0x0000000000434a30     0x1ba6 /usr/lib/gcc/x86_64-linux-gnu/11/../../../x86_64-linux-gnu/libc.a(strcasecmp_l-sse4_2.o)
                0x0000000000434a30                __strcasecmp_sse42
                0x0000000000434a44                __strcasecmp_l_sse42
 .text          0x00000000004365d6        0x0 /usr/lib/gcc/x86_64-linux-gnu/11/../../../x86_64-linux-gnu/libc.a(strcasecmp_l-avx.o)
 *fill*         0x00000000004365d6        0xa 
 .text.avx      0x00000000004365e0     0x1676 /usr/lib/gcc/x86_64-linux-gnu/11/../../../x86_64-linux-gnu/libc.a(strcasecmp_l-avx.o)
                0x00000000004365e0                __strcasecmp_avx
                0x00000000004365f4                __strcasecmp_l_avx
 *fill*         0x0000000000437c56        0xa 
 .text          0x0000000000437c60      0x22a /usr/lib/gcc/x86_64-linux-gnu/11/../../../x86_64-linux-gnu/libc.a(strchr-sse2.o)
                0x0000000000437c60                __strchr_sse2
 *fill*         0x0000000000437e8a        0x6 
 .text          0x0000000000437e90      0x20a /usr/lib/gcc/x86_64-linux-gnu/11/../../../x86_64-linux-gnu/libc.a(strchrnul-sse2.o)
                0x0000000000437e90                __strchrnul_sse2
 .text          0x000000000043809a        0x0 /usr/lib/gcc/x86_64-linux-gnu/11/../../../x86_64-linux-gnu/libc.a(strchr-avx2.o)
 *fill*         0x000000000043809a        0x6 
 .text.avx      0x00000000004380a0      0x271 /usr/lib/gcc/x86_64-linux-gnu/11/../../../x86_64-linux-gnu/libc.a(strchr-avx2.o)
                0x00000000004380a0                __strchr_avx2
 .text          0x0000000000438311        0x0 /usr/lib/gcc/x86_64-linux-gnu/11/../../../x86_64-linux-gnu/libc.a(strchrnul-avx2.o)
 *fill*         0x0000000000438311        0xf 
 .text.avx      0x0000000000438320      0x206 /usr/lib/gcc/x86_64-linux-gnu/11/../../../x86_64-linux-gnu/libc.a(strchrnul-avx2.o)
                0x0000000000438320                __strchrnul_avx2
 *fill*         0x0000000000438526        0xa 
 .text          0x0000000000438530      0x19c /usr/lib/gcc/x86_64-linux-gnu/11/../../../x86_64-linux-gnu/libc.a(strlen-sse2.o)
                0x0000000000438530                __strlen_sse2
 .text          0x00000000004386cc        0x0 /usr/lib/gcc/x86_64-linux-gnu/11/../../../x86_64-linux-gnu/libc.a(strlen-avx2.o)
 *fill*         0x00000000004386cc       0x14 
 .text.avx      0x00000000004386e0      0x172 /usr/lib/gcc/x86_64-linux-gnu/11/../../../x86_64-linux-gnu/libc.a(strlen-avx2.o)
                0x00000000004386e0                __strlen_avx2
 .text          0x0000000000438852        0x0 /usr/lib/gcc/x86_64-linux-gnu/11/../../../x86_64-linux-gnu/libc.a(strcpy-avx2.o)
 *fill*         0x0000000000438852        0xe 
 .text.avx      0x0000000000438860      0x388 /usr/lib/gcc/x86_64-linux-gnu/11/../../../x86_64-linux-gnu/libc.a(strcpy-avx2.o)
                0x0000000000438860                __strcpy_avx2
 *fill*         0x0000000000438be8        0x8 
 .text          0x0000000000438bf0       0xec /usr/lib/gcc/x86_64-linux-gnu/11/../../../x86_64-linux-gnu/libc.a(strcpy-sse2.o)
                0x0000000000438bf0                __strcpy_sse2
 *fill*         0x0000000000438cdc        0x4 
 .text          0x0000000000438ce0       0xec /usr/lib/gcc/x86_64-linux-gnu/11/../../../x86_64-linux-gnu/libc.a(stpcpy-sse2.o)
                0x0000000000438ce0                __stpcpy_sse2
 .text          0x0000000000438dcc        0x0 /usr/lib/gcc/x86_64-linux-gnu/11/../../../x86_64-linux-gnu/libc.a(strcpy-ssse3.o)
 *fill*         0x0000000000438dcc        0x4 
 .text.ssse3    0x0000000000438dd0     0x17a2 /usr/lib/gcc/x86_64-linux-gnu/11/../../../x86_64-linux-gnu/libc.a(strcpy-ssse3.o)
                0x0000000000438dd0                __strcpy_ssse3
 .text          0x000000000043a572        0x0 /usr/lib/gcc/x86_64-linux-gnu/11/../../../x86_64-linux-gnu/libc.a(stpcpy-ssse3.o)
 *fill*         0x000000000043a572        0xe 
 .text.ssse3    0x000000000043a580     0x1803 /usr/lib/gcc/x86_64-linux-gnu/11/../../../x86_64-linux-gnu/libc.a(stpcpy-ssse3.o)
                0x000000000043a580                __stpcpy_ssse3
 *fill*         0x000000000043bd83        0xd 
 .text          0x000000000043bd90      0x630 /usr/lib/gcc/x86_64-linux-gnu/11/../../../x86_64-linux-gnu/libc.a(strcpy-sse2-unaligned.o)
                0x000000000043bd90                __strcpy_sse2_unaligned
 .text          0x000000000043c3c0      0x6c0 /usr/lib/gcc/x86_64-linux-gnu/11/../../../x86_64-linux-gnu/libc.a(stpcpy-sse2-unaligned.o)
                0x000000000043c3c0                __stpcpy_sse2_unaligned
 .text          0x000000000043ca80        0x0 /usr/lib/gcc/x86_64-linux-gnu/11/../../../x86_64-linux-gnu/libc.a(stpcpy-avx2.o)
 .text.avx      0x000000000043ca80      0x3ac /usr/lib/gcc/x86_64-linux-gnu/11/../../../x86_64-linux-gnu/libc.a(stpcpy-avx2.o)
                0x000000000043ca80                __stpcpy_avx2
 .text          0x000000000043ce2c        0x0 /usr/lib/gcc/x86_64-linux-gnu/11/../../../x86_64-linux-gnu/libc.a(strchr-sse2-no-bsf.o)
 *fill*         0x000000000043ce2c        0x4 
 .text.atom     0x000000000043ce30      0x315 /usr/lib/gcc/x86_64-linux-gnu/11/../../../x86_64-linux-gnu/libc.a(strchr-sse2-no-bsf.o)
                0x000000000043ce30                __strchr_sse2_no_bsf
 .text          0x000000000043d145        0x0 /usr/lib/gcc/x86_64-linux-gnu/11/../../../x86_64-linux-gnu/libc.a(memcmp-ssse3.o)
 *fill*         0x000000000043d145        0xb 
 .text.atom     0x000000000043d150     0x1763 /usr/lib/gcc/x86_64-linux-gnu/11/../../../x86_64-linux-gnu/libc.a(memcmp-ssse3.o)
                0x000000000043d150                __memcmp_ssse3
 *fill*         0x000000000043e8b3        0xd 
 .text          0x000000000043e8c0      0x493 /usr/lib/gcc/x86_64-linux-gnu/11/../../../x86_64-linux-gnu/libc.a(strstr-sse2-unaligned.o)
                0x000000000043e8c0                __strstr_sse2_unaligned
 *fill*         0x000000000043ed53        0xd 
 .text          0x000000000043ed60       0xa7 /usr/lib/gcc/x86_64-linux-gnu/11/../../../x86_64-linux-gnu/libc.a(strcspn-sse2.o)
                0x000000000043ed60                __strcspn_sse2
 .text          0x000000000043ee07        0x0 /usr/lib/gcc/x86_64-linux-gnu/11/../../../x86_64-linux-gnu/libc.a(strcspn-c.o)
 *fill*         0x000000000043ee07        0x9 
 .text.sse4.2   0x000000000043ee10      0x13f /usr/lib/gcc/x86_64-linux-gnu/11/../../../x86_64-linux-gnu/libc.a(strcspn-c.o)
                0x000000000043ee10                __strcspn_sse42
 .text          0x000000000043ef4f        0x0 /usr/lib/gcc/x86_64-linux-gnu/11/../../../x86_64-linux-gnu/libc.a(varshift.o)
 .text          0x000000000043ef4f        0x0 /usr/lib/gcc/x86_64-linux-gnu/11/../../../x86_64-linux-gnu/libc.a(memset-avx512-no-vzeroupper.o)
 *fill*         0x000000000043ef4f        0x1 
 .text.avx512   0x000000000043ef50      0x284 /usr/lib/gcc/x86_64-linux-gnu/11/../../../x86_64-linux-gnu/libc.a(memset-avx512-no-vzeroupper.o)
                0x000000000043ef50                __memset_chk_avx512_no_vzeroupper
                0x000000000043ef60                __memset_avx512_no_vzeroupper
 *fill*         0x000000000043f1d4       0x2c 
 .text          0x000000000043f200      0x652 /usr/lib/gcc/x86_64-linux-gnu/11/../../../x86_64-linux-gnu/libc.a(memmove-sse2-unaligned-erms.o)
                0x000000000043f200                __mempcpy_sse2_unaligned
                0x000000000043f210                __memmove_sse2_unaligned
                0x000000000043f210                __memcpy_sse2_unaligned
                0x000000000043f240                __mempcpy_chk_erms
                0x000000000043f250                __mempcpy_erms
                0x000000000043f270                __memcpy_chk_erms
                0x000000000043f270                __memmove_chk_erms
                0x000000000043f280                __memmove_erms
                0x000000000043f280                __memcpy_erms
                0x000000000043f2c0                __mempcpy_sse2_unaligned_erms
                0x000000000043f300                __memmove_sse2_unaligned_erms
                0x000000000043f300                __memcpy_sse2_unaligned_erms
 .text          0x000000000043f852        0x0 /usr/lib/gcc/x86_64-linux-gnu/11/../../../x86_64-linux-gnu/libc.a(memmove-avx-unaligned-erms.o)
 *fill*         0x000000000043f852       0x2e 
 .text.avx      0x000000000043f880      0x75e /usr/lib/gcc/x86_64-linux-gnu/11/../../../x86_64-linux-gnu/libc.a(memmove-avx-unaligned-erms.o)
                0x000000000043f880                __mempcpy_avx_unaligned
                0x000000000043f890                __memcpy_avx_unaligned
                0x000000000043f890                __memmove_avx_unaligned
                0x000000000043f8d0                __mempcpy_avx_unaligned_erms
                0x000000000043f900                __memcpy_avx_unaligned_erms
                0x000000000043f900                __memmove_avx_unaligned_erms
 .text          0x000000000043ffde        0x0 /usr/lib/gcc/x86_64-linux-gnu/11/../../../x86_64-linux-gnu/libc.a(memmove-avx512-unaligned-erms.o)
 *fill*         0x000000000043ffde       0x22 
 .text.evex512  0x0000000000440000      0x840 /usr/lib/gcc/x86_64-linux-gnu/11/../../../x86_64-linux-gnu/libc.a(memmove-avx512-unaligned-erms.o)
                0x0000000000440000                __mempcpy_avx512_unaligned
                0x0000000000440010                __memmove_avx512_unaligned
                0x0000000000440010                __memcpy_avx512_unaligned
                0x0000000000440050                __mempcpy_avx512_unaligned_erms
                0x0000000000440080                __memmove_avx512_unaligned_erms
                0x0000000000440080                __memcpy_avx512_unaligned_erms
 .text          0x0000000000440840      0x1b9 /usr/lib/gcc/x86_64-linux-gnu/11/../../../x86_64-linux-gnu/libc.a(memset-sse2-unaligned-erms.o)
                0x0000000000440840                __bzero
                0x0000000000440840                bzero
                0x0000000000440860                __wmemset_sse2_unaligned
                0x0000000000440880                __memset_sse2_unaligned
                0x00000000004408c0                __memset_chk_erms
                0x00000000004408d0                __memset_erms
                0x0000000000440900                __memset_sse2_unaligned_erms
 .text          0x00000000004409f9        0x0 /usr/lib/gcc/x86_64-linux-gnu/11/../../../x86_64-linux-gnu/libc.a(memset-avx2-unaligned-erms.o)
 *fill*         0x00000000004409f9        0x7 
 .text.avx      0x0000000000440a00      0x1bc /usr/lib/gcc/x86_64-linux-gnu/11/../../../x86_64-linux-gnu/libc.a(memset-avx2-unaligned-erms.o)
                0x0000000000440a00                __wmemset_avx2_unaligned
                0x0000000000440a20                __memset_avx2_unaligned
                0x0000000000440a60                __memset_avx2_erms
                0x0000000000440a80                __memset_avx2_unaligned_erms
 .text          0x0000000000440bbc        0x0 /usr/lib/gcc/x86_64-linux-gnu/11/../../../x86_64-linux-gnu/libc.a(memset-avx512-unaligned-erms.o)
 *fill*         0x0000000000440bbc        0x4 
 .text.evex512  0x0000000000440bc0      0x1e9 /usr/lib/gcc/x86_64-linux-gnu/11/../../../x86_64-linux-gnu/libc.a(memset-avx512-unaligned-erms.o)
                0x0000000000440bc0                __wmemset_avx512_unaligned
                0x0000000000440be0                __memset_avx512_unaligned
                0x0000000000440c20                __memset_avx512_erms
                0x0000000000440c40                __memset_avx512_unaligned_erms
 .text          0x0000000000440da9        0x0 /usr/lib/gcc/x86_64-linux-gnu/11/../../../x86_64-linux-gnu/libc.a(memcmp-avx2-movbe-rtm.o)
 *fill*         0x0000000000440da9       0x17 
 .text.avx.rtm  0x0000000000440dc0      0x43d /usr/lib/gcc/x86_64-linux-gnu/11/../../../x86_64-linux-gnu/libc.a(memcmp-avx2-movbe-rtm.o)
                0x0000000000440dc0                __memcmp_avx2_movbe_rtm
 .text          0x00000000004411fd        0x0 /usr/lib/gcc/x86_64-linux-gnu/11/../../../x86_64-linux-gnu/libc.a(memmove-avx-unaligned-erms-rtm.o)
 *fill*         0x00000000004411fd        0x3 
 .text.avx.rtm  0x0000000000441200      0x75f /usr/lib/gcc/x86_64-linux-gnu/11/../../../x86_64-linux-gnu/libc.a(memmove-avx-unaligned-erms-rtm.o)
                0x0000000000441200                __mempcpy_avx_unaligned_rtm
                0x0000000000441210                __memcpy_avx_unaligned_rtm
                0x0000000000441210                __memmove_avx_unaligned_rtm
                0x0000000000441250                __mempcpy_avx_unaligned_erms_rtm
                0x0000000000441280                __memmove_avx_unaligned_erms_rtm
                0x0000000000441280                __memcpy_avx_unaligned_erms_rtm
 .text          0x000000000044195f        0x0 /usr/lib/gcc/x86_64-linux-gnu/11/../../../x86_64-linux-gnu/libc.a(memset-avx2-unaligned-erms-rtm.o)
 *fill*         0x000000000044195f       0x21 
 .text.avx.rtm  0x0000000000441980      0x1bd /usr/lib/gcc/x86_64-linux-gnu/11/../../../x86_64-linux-gnu/libc.a(memset-avx2-unaligned-erms-rtm.o)
                0x0000000000441980                __wmemset_avx2_unaligned_rtm
                0x00000000004419a0                __memset_avx2_unaligned_rtm
                0x00000000004419e0                __memset_avx2_erms_rtm
                0x0000000000441a00                __memset_avx2_unaligned_erms_rtm
 .text          0x0000000000441b3d        0x0 /usr/lib/gcc/x86_64-linux-gnu/11/../../../x86_64-linux-gnu/libc.a(rawmemchr-avx2-rtm.o)
 *fill*         0x0000000000441b3d        0x3 
 .text.avx.rtm  0x0000000000441b40      0x160 /usr/lib/gcc/x86_64-linux-gnu/11/../../../x86_64-linux-gnu/libc.a(rawmemchr-avx2-rtm.o)
                0x0000000000441b40                __rawmemchr_avx2_rtm
 .text          0x0000000000441ca0        0x0 /usr/lib/gcc/x86_64-linux-gnu/11/../../../x86_64-linux-gnu/libc.a(strchr-avx2-rtm.o)
 .text.avx.rtm  0x0000000000441ca0      0x27a /usr/lib/gcc/x86_64-linux-gnu/11/../../../x86_64-linux-gnu/libc.a(strchr-avx2-rtm.o)
                0x0000000000441ca0                __strchr_avx2_rtm
 .text          0x0000000000441f1a        0x0 /usr/lib/gcc/x86_64-linux-gnu/11/../../../x86_64-linux-gnu/libc.a(strcmp-avx2-rtm.o)
 *fill*         0x0000000000441f1a        0x6 
 .text.avx.rtm  0x0000000000441f20      0x470 /usr/lib/gcc/x86_64-linux-gnu/11/../../../x86_64-linux-gnu/libc.a(strcmp-avx2-rtm.o)
                0x0000000000441f20                __strcmp_avx2_rtm
 .text          0x0000000000442390        0x0 /usr/lib/gcc/x86_64-linux-gnu/11/../../../x86_64-linux-gnu/libc.a(strchrnul-avx2-rtm.o)
 *fill*         0x0000000000442390       0x10 
 .text.avx.rtm  0x00000000004423a0      0x20f /usr/lib/gcc/x86_64-linux-gnu/11/../../../x86_64-linux-gnu/libc.a(strchrnul-avx2-rtm.o)
                0x00000000004423a0                __strchrnul_avx2_rtm
 .text          0x00000000004425af        0x0 /usr/lib/gcc/x86_64-linux-gnu/11/../../../x86_64-linux-gnu/libc.a(stpcpy-avx2-rtm.o)
 *fill*         0x00000000004425af        0x1 
 .text.avx.rtm  0x00000000004425b0      0x3bd /usr/lib/gcc/x86_64-linux-gnu/11/../../../x86_64-linux-gnu/libc.a(stpcpy-avx2-rtm.o)
                0x00000000004425b0                __stpcpy_avx2_rtm
 .text          0x000000000044296d        0x0 /usr/lib/gcc/x86_64-linux-gnu/11/../../../x86_64-linux-gnu/libc.a(strcpy-avx2-rtm.o)
 *fill*         0x000000000044296d        0x3 
 .text.avx.rtm  0x0000000000442970      0x3a9 /usr/lib/gcc/x86_64-linux-gnu/11/../../../x86_64-linux-gnu/libc.a(strcpy-avx2-rtm.o)
                0x0000000000442970                __strcpy_avx2_rtm
 .text          0x0000000000442d19        0x0 /usr/lib/gcc/x86_64-linux-gnu/11/../../../x86_64-linux-gnu/libc.a(strlen-avx2-rtm.o)
 *fill*         0x0000000000442d19        0x7 
 .text.avx.rtm  0x0000000000442d20      0x16b /usr/lib/gcc/x86_64-linux-gnu/11/../../../x86_64-linux-gnu/libc.a(strlen-avx2-rtm.o)
                0x0000000000442d20                __strlen_avx2_rtm
 .text          0x0000000000442e8b        0x0 /usr/lib/gcc/x86_64-linux-gnu/11/../../../x86_64-linux-gnu/libc.a(strncmp-avx2-rtm.o)
 *fill*         0x0000000000442e8b        0x5 
 .text.avx.rtm  0x0000000000442e90      0x54d /usr/lib/gcc/x86_64-linux-gnu/11/../../../x86_64-linux-gnu/libc.a(strncmp-avx2-rtm.o)
                0x0000000000442e90                __strncmp_avx2_rtm
 .text          0x00000000004433dd        0x0 /usr/lib/gcc/x86_64-linux-gnu/11/../../../x86_64-linux-gnu/libc.a(memcmp-evex-movbe.o)
 *fill*         0x00000000004433dd       0x23 
 .text.evex     0x0000000000443400      0x2ff /usr/lib/gcc/x86_64-linux-gnu/11/../../../x86_64-linux-gnu/libc.a(memcmp-evex-movbe.o)
                0x0000000000443400                __memcmp_evex_movbe
 .text          0x00000000004436ff        0x0 /usr/lib/gcc/x86_64-linux-gnu/11/../../../x86_64-linux-gnu/libc.a(memmove-evex-unaligned-erms.o)
 *fill*         0x00000000004436ff        0x1 
 .text.evex     0x0000000000443700      0x83b /usr/lib/gcc/x86_64-linux-gnu/11/../../../x86_64-linux-gnu/libc.a(memmove-evex-unaligned-erms.o)
                0x0000000000443700                __mempcpy_evex_unaligned
                0x0000000000443710                __memmove_evex_unaligned
                0x0000000000443710                __memcpy_evex_unaligned
                0x0000000000443750                __mempcpy_evex_unaligned_erms
                0x0000000000443780                __memmove_evex_unaligned_erms
                0x0000000000443780                __memcpy_evex_unaligned_erms
 .text          0x0000000000443f3b        0x0 /usr/lib/gcc/x86_64-linux-gnu/11/../../../x86_64-linux-gnu/libc.a(memset-evex-unaligned-erms.o)
 *fill*         0x0000000000443f3b        0x5 
 .text.evex     0x0000000000443f40      0x1c9 /usr/lib/gcc/x86_64-linux-gnu/11/../../../x86_64-linux-gnu/libc.a(memset-evex-unaligned-erms.o)
                0x0000000000443f40                __wmemset_evex_unaligned
                0x0000000000443f60                __memset_evex_unaligned
                0x0000000000443f90                __memset_evex_erms
                0x0000000000443fc0                __memset_evex_unaligned_erms
 .text          0x0000000000444109        0x0 /usr/lib/gcc/x86_64-linux-gnu/11/../../../x86_64-linux-gnu/libc.a(rawmemchr-evex.o)
 *fill*         0x0000000000444109       0x17 
 .text.evex     0x0000000000444120      0x17d /usr/lib/gcc/x86_64-linux-gnu/11/../../../x86_64-linux-gnu/libc.a(rawmemchr-evex.o)
                0x0000000000444120                __rawmemchr_evex
 .text          0x000000000044429d        0x0 /usr/lib/gcc/x86_64-linux-gnu/11/../../../x86_64-linux-gnu/libc.a(stpcpy-evex.o)
 *fill*         0x000000000044429d        0x3 
 .text.evex     0x00000000004442a0      0x447 /usr/lib/gcc/x86_64-linux-gnu/11/../../../x86_64-linux-gnu/libc.a(stpcpy-evex.o)
                0x00000000004442a0                __stpcpy_evex
 .text          0x00000000004446e7        0x0 /usr/lib/gcc/x86_64-linux-gnu/11/../../../x86_64-linux-gnu/libc.a(strchr-evex.o)
 *fill*         0x00000000004446e7       0x19 
 .text.evex     0x0000000000444700      0x28f /usr/lib/gcc/x86_64-linux-gnu/11/../../../x86_64-linux-gnu/libc.a(strchr-evex.o)
                0x0000000000444700                __strchr_evex
 .text          0x000000000044498f        0x0 /usr/lib/gcc/x86_64-linux-gnu/11/../../../x86_64-linux-gnu/libc.a(strchrnul-evex.o)
 *fill*         0x000000000044498f       0x11 
 .text.evex     0x00000000004449a0      0x259 /usr/lib/gcc/x86_64-linux-gnu/11/../../../x86_64-linux-gnu/libc.a(strchrnul-evex.o)
                0x00000000004449a0                __strchrnul_evex
 .text          0x0000000000444bf9        0x0 /usr/lib/gcc/x86_64-linux-gnu/11/../../../x86_64-linux-gnu/libc.a(strcmp-evex.o)
 *fill*         0x0000000000444bf9        0x7 
 .text.evex     0x0000000000444c00      0x46c /usr/lib/gcc/x86_64-linux-gnu/11/../../../x86_64-linux-gnu/libc.a(strcmp-evex.o)
                0x0000000000444c00                __strcmp_evex
 .text          0x000000000044506c        0x0 /usr/lib/gcc/x86_64-linux-gnu/11/../../../x86_64-linux-gnu/libc.a(strcpy-evex.o)
 *fill*         0x000000000044506c        0x4 
 .text.evex     0x0000000000445070      0x433 /usr/lib/gcc/x86_64-linux-gnu/11/../../../x86_64-linux-gnu/libc.a(strcpy-evex.o)
                0x0000000000445070                __strcpy_evex
 .text          0x00000000004454a3        0x0 /usr/lib/gcc/x86_64-linux-gnu/11/../../../x86_64-linux-gnu/libc.a(strlen-evex.o)
 *fill*         0x00000000004454a3       0x1d 
 .text.evex     0x00000000004454c0      0x174 /usr/lib/gcc/x86_64-linux-gnu/11/../../../x86_64-linux-gnu/libc.a(strlen-evex.o)
                0x00000000004454c0                __strlen_evex
 .text          0x0000000000445634        0x0 /usr/lib/gcc/x86_64-linux-gnu/11/../../../x86_64-linux-gnu/libc.a(strncmp-evex.o)
 *fill*         0x0000000000445634        0xc 
 .text.evex     0x0000000000445640      0x565 /usr/lib/gcc/x86_64-linux-gnu/11/../../../x86_64-linux-gnu/libc.a(strncmp-evex.o)
                0x0000000000445640                __strncmp_evex
 .text          0x0000000000445ba5        0x0 /usr/lib/gcc/x86_64-linux-gnu/11/../../../x86_64-linux-gnu/libc.a(rawmemchr-evex-rtm.o)
 *fill*         0x0000000000445ba5       0x1b 
 .text.evex.rtm
                0x0000000000445bc0      0x19a /usr/lib/gcc/x86_64-linux-gnu/11/../../../x86_64-linux-gnu/libc.a(rawmemchr-evex-rtm.o)
                0x0000000000445bc0                __rawmemchr_evex_rtm
 *fill*         0x0000000000445d5a        0x6 
 .text          0x0000000000445d60       0x43 /usr/lib/gcc/x86_64-linux-gnu/11/../../../x86_64-linux-gnu/libc.a(strcasecmp_l-nonascii.o)
                0x0000000000445d60                __strcasecmp_l_nonascii
 *fill*         0x0000000000445da3        0xd 
 .text          0x0000000000445db0        0xd /usr/lib/gcc/x86_64-linux-gnu/11/../../../x86_64-linux-gnu/libc.a(wmempcpy.o)
                0x0000000000445db0                wmempcpy
                0x0000000000445db0                __wmempcpy
 *fill*         0x0000000000445dbd        0x3 
 .text          0x0000000000445dc0       0x22 /usr/lib/gcc/x86_64-linux-gnu/11/../../../x86_64-linux-gnu/libc.a(mbsrtowcs.o)
                0x0000000000445dc0                mbsrtowcs
                0x0000000000445dc0                __mbsrtowcs
 *fill*         0x0000000000445de2        0xe 
 .text          0x0000000000445df0      0x684 /usr/lib/gcc/x86_64-linux-gnu/11/../../../x86_64-linux-gnu/libc.a(wcsmbsload.o)
                0x0000000000445df0                _nl_cleanup_ctype
                0x0000000000445e40                __wcsmbs_getfct
                0x0000000000445ec0                __wcsmbs_load_conv
                0x0000000000446280                __wcsmbs_clone_conv
                0x0000000000446370                __wcsmbs_named_conv
 *fill*         0x0000000000446474        0xc 
 .text          0x0000000000446480      0x38d /usr/lib/gcc/x86_64-linux-gnu/11/../../../x86_64-linux-gnu/libc.a(mbsrtowcs_l.o)
                0x0000000000446480                __mbsrtowcs_l
 *fill*         0x000000000044680d        0x3 
 .text          0x0000000000446810       0x83 /usr/lib/gcc/x86_64-linux-gnu/11/../../../x86_64-linux-gnu/libc.a(clock_gettime.o)
                0x0000000000446810                clock_gettime
                0x0000000000446810                __clock_gettime
 *fill*         0x0000000000446893        0xd 
 .text          0x00000000004468a0       0x50 /usr/lib/gcc/x86_64-linux-gnu/11/../../../x86_64-linux-gnu/libc.a(_exit.o)
                0x00000000004468a0                _Exit
                0x00000000004468a0                _exit
 .text          0x00000000004468f0        0xc /usr/lib/gcc/x86_64-linux-gnu/11/../../../x86_64-linux-gnu/libc.a(getpid.o)
                0x00000000004468f0                __getpid
                0x00000000004468f0                getpid
 *fill*         0x00000000004468fc        0x4 
 .text          0x0000000000446900      0x716 /usr/lib/gcc/x86_64-linux-gnu/11/../../../x86_64-linux-gnu/libc.a(sysconf.o)
                0x0000000000446a30                sysconf
                0x0000000000446a30                __sysconf
 *fill*         0x0000000000447016        0xa 
 .text          0x0000000000447020       0x25 /usr/lib/gcc/x86_64-linux-gnu/11/../../../x86_64-linux-gnu/libc.a(sched_yield.o)
                0x0000000000447020                __sched_yield
                0x0000000000447020                sched_yield
 *fill*         0x0000000000447045        0xb 
 .text          0x0000000000447050       0x56 /usr/lib/gcc/x86_64-linux-gnu/11/../../../x86_64-linux-gnu/libc.a(get_child_max.o)
                0x0000000000447050                __get_child_max
 .text          0x00000000004470a6        0x0 /usr/lib/gcc/x86_64-linux-gnu/11/../../../x86_64-linux-gnu/libc.a(environ.o)
 *fill*         0x00000000004470a6        0xa 
 .text          0x00000000004470b0       0x16 /usr/lib/gcc/x86_64-linux-gnu/11/../../../x86_64-linux-gnu/libc.a(stat64.o)
                0x00000000004470b0                stat64
                0x00000000004470b0                __stat
                0x00000000004470b0                __stat64
                0x00000000004470b0                stat
 *fill*         0x00000000004470c6        0xa 
 .text          0x00000000004470d0       0x34 /usr/lib/gcc/x86_64-linux-gnu/11/../../../x86_64-linux-gnu/libc.a(fstat64.o)
                0x00000000004470d0                fstat64
                0x00000000004470d0                fstat
                0x00000000004470d0                __fstat64
                0x00000000004470d0                __fstat
 *fill*         0x0000000000447104        0xc 
 .text          0x0000000000447110       0x32 /usr/lib/gcc/x86_64-linux-gnu/11/../../../x86_64-linux-gnu/libc.a(fstatat64.o)
                0x0000000000447110                fstatat
                0x0000000000447110                __fstatat
                0x0000000000447110                fstatat64
                0x0000000000447110                __fstatat64
                0x0000000000447110                __GI___fstatat
 *fill*         0x0000000000447142        0xe 
 .text          0x0000000000447150      0x128 /usr/lib/gcc/x86_64-linux-gnu/11/../../../x86_64-linux-gnu/libc.a(open64.o)
                0x0000000000447150                __open
                0x0000000000447150                __libc_open64
                0x0000000000447150                __libc_open
                0x0000000000447150                open64
                0x0000000000447150                open
                0x0000000000447150                __open64
 *fill*         0x0000000000447278        0x8 
 .text          0x0000000000447280       0x9d /usr/lib/gcc/x86_64-linux-gnu/11/../../../x86_64-linux-gnu/libc.a(read.o)
                0x0000000000447280                __read
                0x0000000000447280                __libc_read
                0x0000000000447280                read
 *fill*         0x000000000044731d        0x3 
 .text          0x0000000000447320       0x9d /usr/lib/gcc/x86_64-linux-gnu/11/../../../x86_64-linux-gnu/libc.a(write.o)
                0x0000000000447320                __write
                0x0000000000447320                write
                0x0000000000447320                __libc_write
 *fill*         0x00000000004473bd        0x3 
 .text          0x00000000004473c0       0x2c /usr/lib/gcc/x86_64-linux-gnu/11/../../../x86_64-linux-gnu/libc.a(lseek64.o)
                0x00000000004473c0                __lseek64
                0x00000000004473c0                lseek
                0x00000000004473c0                __libc_lseek64
                0x00000000004473c0                __lseek
                0x00000000004473c0                __libc_lseek
                0x00000000004473c0                lseek64
 *fill*         0x00000000004473ec        0x4 
 .text          0x00000000004473f0      0x720 /usr/lib/gcc/x86_64-linux-gnu/11/../../../x86_64-linux-gnu/libc.a(getcwd.o)
                0x00000000004473f0                __getcwd
                0x00000000004473f0                getcwd
 .text          0x0000000000447b10       0x2a /usr/lib/gcc/x86_64-linux-gnu/11/../../../x86_64-linux-gnu/libc.a(close_nocancel.o)
                0x0000000000447b10                __close_nocancel
 *fill*         0x0000000000447b3a        0x6 
 .text          0x0000000000447b40      0x138 /usr/lib/gcc/x86_64-linux-gnu/11/../../../x86_64-linux-gnu/libc.a(fcntl_nocancel.o)
                0x0000000000447b40                __fcntl64_nocancel
                0x0000000000447bf0                __fcntl64_nocancel_adjusted
 *fill*         0x0000000000447c78        0x8 
 .text          0x0000000000447c80       0xb0 /usr/lib/gcc/x86_64-linux-gnu/11/../../../x86_64-linux-gnu/libc.a(open64_nocancel.o)
                0x0000000000447c80                __open_nocancel
                0x0000000000447c80                __open64_nocancel
 .text          0x0000000000447d30       0x2c /usr/lib/gcc/x86_64-linux-gnu/11/../../../x86_64-linux-gnu/libc.a(read_nocancel.o)
                0x0000000000447d30                __read_nocancel
 *fill*         0x0000000000447d5c        0x4 
 .text          0x0000000000447d60       0x2c /usr/lib/gcc/x86_64-linux-gnu/11/../../../x86_64-linux-gnu/libc.a(write_nocancel.o)
                0x0000000000447d60                __write_nocancel
 *fill*         0x0000000000447d8c        0x4 
 .text          0x0000000000447d90       0x32 /usr/lib/gcc/x86_64-linux-gnu/11/../../../x86_64-linux-gnu/libc.a(getrlimit64.o)
                0x0000000000447d90                getrlimit
                0x0000000000447d90                getrlimit64
                0x0000000000447d90                __getrlimit
                0x0000000000447d90                __GI___getrlimit
                0x0000000000447d90                __GI_getrlimit
                0x0000000000447d90                __getrlimit64
 *fill*         0x0000000000447dc2        0xe 
 .text          0x0000000000447dd0       0x34 /usr/lib/gcc/x86_64-linux-gnu/11/../../../x86_64-linux-gnu/libc.a(brk.o)
                0x0000000000447dd0                __brk
                0x0000000000447dd0                brk
 *fill*         0x0000000000447e04        0xc 
 .text          0x0000000000447e10       0x8c /usr/lib/gcc/x86_64-linux-gnu/11/../../../x86_64-linux-gnu/libc.a(sbrk.o)
                0x0000000000447e10                sbrk
                0x0000000000447e10                __sbrk
 *fill*         0x0000000000447e9c        0x4 
 .text          0x0000000000447ea0       0x31 /usr/lib/gcc/x86_64-linux-gnu/11/../../../x86_64-linux-gnu/libc.a(getpagesize.o)
                0x0000000000447ea0                getpagesize
                0x0000000000447ea0                __getpagesize
 *fill*         0x0000000000447ed1        0xf 
 .text          0x0000000000447ee0       0x4a /usr/lib/gcc/x86_64-linux-gnu/11/../../../x86_64-linux-gnu/libc.a(getdtsz.o)
                0x0000000000447ee0                __getdtablesize
                0x0000000000447ee0                getdtablesize
 *fill*         0x0000000000447f2a        0x6 
 .text          0x0000000000447f30       0x54 /usr/lib/gcc/x86_64-linux-gnu/11/../../../x86_64-linux-gnu/libc.a(mmap64.o)
                0x0000000000447f30                __mmap
                0x0000000000447f30                mmap
                0x0000000000447f30                __mmap64
                0x0000000000447f30                mmap64
 *fill*         0x0000000000447f84        0xc 
 .text          0x0000000000447f90       0x25 /usr/lib/gcc/x86_64-linux-gnu/11/../../../x86_64-linux-gnu/libc.a(munmap.o)
                0x0000000000447f90                munmap
                0x0000000000447f90                __munmap
 *fill*         0x0000000000447fb5        0xb 
 .text          0x0000000000447fc0       0x25 /usr/lib/gcc/x86_64-linux-gnu/11/../../../x86_64-linux-gnu/libc.a(mprotect.o)
                0x0000000000447fc0                __mprotect
                0x0000000000447fc0                mprotect
 *fill*         0x0000000000447fe5        0xb 
 .text          0x0000000000447ff0       0x25 /usr/lib/gcc/x86_64-linux-gnu/11/../../../x86_64-linux-gnu/libc.a(madvise.o)
                0x0000000000447ff0                madvise
                0x0000000000447ff0                __madvise
 *fill*         0x0000000000448015        0xb 
 .text          0x0000000000448020     0x10ed /usr/lib/gcc/x86_64-linux-gnu/11/../../../x86_64-linux-gnu/libc.a(tsearch.o)
                0x0000000000448320                tsearch
                0x0000000000448320                __tsearch
                0x0000000000448720                tfind
                0x0000000000448720                __tfind
                0x00000000004487a0                tdelete
                0x00000000004487a0                __tdelete
                0x0000000000448e00                __twalk
                0x0000000000448e00                twalk
                0x0000000000448eb0                twalk_r
                0x0000000000448eb0                __twalk_r
                0x0000000000448f60                __tdestroy
                0x0000000000448f60                tdestroy
 *fill*         0x000000000044910d        0x3 
 .text          0x0000000000449110      0x6bb /usr/lib/gcc/x86_64-linux-gnu/11/../../../x86_64-linux-gnu/libc.a(getsysstats.o)
                0x00000000004494f0                __get_nprocs_sched
                0x0000000000449570                __get_nprocs
                0x0000000000449570                get_nprocs
                0x00000000004495b0                __get_nprocs_conf
                0x00000000004495b0                get_nprocs_conf
                0x00000000004496b0                get_phys_pages
                0x00000000004496b0                __get_phys_pages
                0x0000000000449740                get_avphys_pages
                0x0000000000449740                __get_avphys_pages
 *fill*         0x00000000004497cb        0x5 
 .text          0x00000000004497d0       0x15 /usr/lib/gcc/x86_64-linux-gnu/11/../../../x86_64-linux-gnu/libc.a(getclktck.o)
                0x00000000004497d0                __getclktck
 *fill*         0x00000000004497e5        0xb 
 .text          0x00000000004497f0       0x51 /usr/lib/gcc/x86_64-linux-gnu/11/../../../x86_64-linux-gnu/libc.a(init-misc.o)
                0x00000000004497f0                __init_misc
 *fill*         0x0000000000449841        0xf 
 .text          0x0000000000449850       0x92 /usr/lib/gcc/x86_64-linux-gnu/11/../../../x86_64-linux-gnu/libc.a(mremap.o)
                0x0000000000449850                mremap
                0x0000000000449850                __mremap
 *fill*         0x00000000004498e2        0xe 
 .text          0x00000000004498f0       0x25 /usr/lib/gcc/x86_64-linux-gnu/11/../../../x86_64-linux-gnu/libc.a(sysinfo.o)
                0x00000000004498f0                sysinfo
                0x00000000004498f0                __sysinfo
 *fill*         0x0000000000449915        0xb 
 .text          0x0000000000449920      0x3e4 /usr/lib/gcc/x86_64-linux-gnu/11/../../../x86_64-linux-gnu/libc.a(malloc-hugepages.o)
                0x0000000000449920                __malloc_default_thp_pagesize
                0x00000000004499d0                __malloc_thp_mode
                0x0000000000449aa0                __malloc_hugepage_config
 *fill*         0x0000000000449d04        0xc 
 .text          0x0000000000449d10       0x16 /usr/lib/gcc/x86_64-linux-gnu/11/../../../x86_64-linux-gnu/libc.a(chk_fail.o)
                0x0000000000449d10                __chk_fail
 *fill*         0x0000000000449d26        0xa 
 .text          0x0000000000449d30       0x16 /usr/lib/gcc/x86_64-linux-gnu/11/../../../x86_64-linux-gnu/libc.a(stack_chk_fail.o)
                0x0000000000449d30                __stack_chk_fail_local
                0x0000000000449d30                __stack_chk_fail
 *fill*         0x0000000000449d46        0xa 
 .text          0x0000000000449d50       0x2c /usr/lib/gcc/x86_64-linux-gnu/11/../../../x86_64-linux-gnu/libc.a(fortify_fail.o)
                0x0000000000449d50                __fortify_fail
 *fill*         0x0000000000449d7c        0x4 
 .text          0x0000000000449d80       0xf2 /usr/lib/gcc/x86_64-linux-gnu/11/../../../x86_64-linux-gnu/libc.a(dl-debug.o)
                0x0000000000449d80                _dl_debug_state
                0x0000000000449d90                _dl_debug_update
                0x0000000000449de0                _dl_debug_initialize
 .text          0x0000000000449e72        0x0 /usr/lib/gcc/x86_64-linux-gnu/11/../../../x86_64-linux-gnu/libc.a(dl-debug-symbols.o)
 *fill*         0x0000000000449e72        0xe 
 .text          0x0000000000449e80      0xc5c /usr/lib/gcc/x86_64-linux-gnu/11/../../../x86_64-linux-gnu/libc.a(dl-tls.o)
                0x0000000000449f30                _dl_tls_static_surplus_init
                0x0000000000449fd0                _dl_assign_tls_modid
                0x000000000044a0e0                _dl_count_modids
                0x000000000044a150                _dl_get_tls_static_info
                0x000000000044a170                _dl_allocate_tls_storage
                0x000000000044a240                _dl_allocate_tls_init
                0x000000000044a4d0                _dl_allocate_tls
                0x000000000044a7a0                _dl_deallocate_tls
                0x000000000044a830                _dl_tls_get_addr_soft
                0x000000000044a8b0                _dl_add_to_slotinfo
                0x000000000044a9b0                _dl_init_static_tls
 *fill*         0x000000000044aadc        0x4 
 .text          0x000000000044aae0      0x18c /usr/lib/gcc/x86_64-linux-gnu/11/../../../x86_64-linux-gnu/libc.a(dl-tls_init_tp.o)
                0x000000000044aae0                __tls_pre_init_tp
                0x000000000044ab30                __tls_init_tp
 *fill*         0x000000000044ac6c        0x4 
 .text          0x000000000044ac70      0xb1d /usr/lib/gcc/x86_64-linux-gnu/11/../../../x86_64-linux-gnu/libc.a(dl-tunables.o)
                0x000000000044ad60                __tunable_set_val
                0x000000000044aeb0                __tunables_init
                0x000000000044b610                __tunables_print
                0x000000000044b720                __tunable_get_val
 *fill*         0x000000000044b78d        0x3 
 .text          0x000000000044b790      0x2ea /usr/lib/gcc/x86_64-linux-gnu/11/../../../x86_64-linux-gnu/libc.a(dl-error.o)
                0x000000000044b840                _dl_signal_exception
                0x000000000044b890                _dl_signal_error
                0x000000000044b8f0                _dl_catch_exception
                0x000000000044ba10                _dl_catch_error
 *fill*         0x000000000044ba7a        0x6 
 .text          0x000000000044ba80       0x31 /usr/lib/gcc/x86_64-linux-gnu/11/../../../x86_64-linux-gnu/libc.a(dl-profstub.o)
                0x000000000044ba80                _dl_mcount_wrapper
                0x000000000044ba90                _dl_mcount_wrapper_check
 *fill*         0x000000000044bab1        0xf 
 .text          0x000000000044bac0      0xfa5 /usr/lib/gcc/x86_64-linux-gnu/11/../../../x86_64-linux-gnu/libc.a(dl-support.o)
                0x000000000044bac0                _dl_aux_init
                0x000000000044bec0                _dl_non_dynamic_init
                0x000000000044ca50                _dl_get_dl_main_map
                0x000000000044ca60                _dl_audit_pltexit
 *fill*         0x000000000044ca65        0xb 
 .text          0x000000000044ca70      0xceb /usr/lib/gcc/x86_64-linux-gnu/11/../../../x86_64-linux-gnu/libc.a(dl-sysdep.o)
                0x000000000044ca70                _dl_tunable_set_hwcaps
                0x000000000044d530                _dl_tunable_set_x86_ibt
                0x000000000044d5c0                _dl_tunable_set_x86_shstk
                0x000000000044d650                _dl_discover_osversion
 *fill*         0x000000000044d75b        0x5 
 .text          0x000000000044d760       0x4e /usr/lib/gcc/x86_64-linux-gnu/11/../../../x86_64-linux-gnu/libc.a(enbl-secure.o)
                0x000000000044d760                __libc_init_secure
 *fill*         0x000000000044d7ae        0x2 
 .text          0x000000000044d7b0       0xcc /usr/lib/gcc/x86_64-linux-gnu/11/../../../x86_64-linux-gnu/libc.a(libc_early_init.o)
                0x000000000044d7b0                __libc_early_init
 *fill*         0x000000000044d87c        0x4 
 .text          0x000000000044d880       0x3c /usr/lib/gcc/x86_64-linux-gnu/11/../../../x86_64-linux-gnu/libc.a(init-first.o)
                0x000000000044d880                __libc_init_first
 *fill*         0x000000000044d8bc        0x4 
 .text          0x000000000044d8c0      0x43b /usr/lib/gcc/x86_64-linux-gnu/11/../../../x86_64-linux-gnu/libc.a(gconv_open.o)
                0x000000000044d8c0                __gconv_open
 *fill*         0x000000000044dcfb        0x5 
 .text          0x000000000044dd00      0x212 /usr/lib/gcc/x86_64-linux-gnu/11/../../../x86_64-linux-gnu/libc.a(gconv.o)
                0x000000000044dd00                __gconv
 *fill*         0x000000000044df12        0xe 
 .text          0x000000000044df20       0x5a /usr/lib/gcc/x86_64-linux-gnu/11/../../../x86_64-linux-gnu/libc.a(gconv_close.o)
                0x000000000044df20                __gconv_close
 *fill*         0x000000000044df7a        0x6 
 .text          0x000000000044df80     0x1271 /usr/lib/gcc/x86_64-linux-gnu/11/../../../x86_64-linux-gnu/libc.a(gconv_db.o)
                0x000000000044df80                __gconv_alias_compare
                0x000000000044ece0                __gconv_get_modules_db
                0x000000000044ecf0                __gconv_get_alias_db
                0x000000000044ed00                __gconv_release_step
                0x000000000044ed80                __gconv_compare_alias
                0x000000000044ee80                __gconv_find_transform
                0x000000000044f0e0                __gconv_close_transform
 *fill*         0x000000000044f1f1        0xf 
 .text          0x000000000044f200      0xff7 /usr/lib/gcc/x86_64-linux-gnu/11/../../../x86_64-linux-gnu/libc.a(gconv_conf.o)
                0x00000000004501e0                __gconv_load_conf
 *fill*         0x00000000004501f7        0x9 
 .text          0x0000000000450200      0x208 /usr/lib/gcc/x86_64-linux-gnu/11/../../../x86_64-linux-gnu/libc.a(gconv_builtin.o)
                0x0000000000450200                __gconv_get_builtin_trans
 *fill*         0x0000000000450408        0x8 
 .text          0x0000000000450410     0x7e31 /usr/lib/gcc/x86_64-linux-gnu/11/../../../x86_64-linux-gnu/libc.a(gconv_simple.o)
                0x0000000000450410                __gconv_btwoc_ascii
                0x0000000000450430                __gconv_transform_internal_ucs4
                0x00000000004509b0                __gconv_transform_ucs4_internal
                0x0000000000451200                __gconv_transform_internal_ucs4le
                0x0000000000451790                __gconv_transform_ucs4le_internal
                0x0000000000452010                __gconv_transform_ascii_internal
                0x0000000000452630                __gconv_transform_internal_ascii
                0x0000000000453340                __gconv_transform_internal_utf8
                0x0000000000454260                __gconv_transform_utf8_internal
                0x00000000004552d0                __gconv_transform_ucs2_internal
                0x0000000000455cd0                __gconv_transform_internal_ucs2
                0x0000000000456a80                __gconv_transform_ucs2reverse_internal
                0x0000000000457490                __gconv_transform_internal_ucs2reverse
 *fill*         0x0000000000458241        0xf 
 .text          0x0000000000458250      0x4a4 /usr/lib/gcc/x86_64-linux-gnu/11/../../../x86_64-linux-gnu/libc.a(gconv_trans.o)
                0x0000000000458250                __gconv_transliterate
 *fill*         0x00000000004586f4        0xc 
 .text          0x0000000000458700      0xa09 /usr/lib/gcc/x86_64-linux-gnu/11/../../../x86_64-linux-gnu/libc.a(gconv_cache.o)
                0x0000000000458930                __gconv_get_cache
                0x0000000000458940                __gconv_load_cache
                0x0000000000458b50                __gconv_compare_alias_cache
                0x0000000000458bf0                __gconv_lookup_cache
                0x00000000004590f0                __gconv_release_cache
 *fill*         0x0000000000459109        0x7 
 .text          0x0000000000459110      0x29a /usr/lib/gcc/x86_64-linux-gnu/11/../../../x86_64-linux-gnu/libc.a(gconv_dl.o)
                0x00000000004591a0                __gconv_find_shlib
                0x0000000000459390                __gconv_release_shlib
 *fill*         0x00000000004593aa        0x6 
 .text          0x00000000004593b0      0x46a /usr/lib/gcc/x86_64-linux-gnu/11/../../../x86_64-linux-gnu/libc.a(gconv_charset.o)
                0x0000000000459510                __gconv_create_spec
                0x0000000000459800                __gconv_destroy_spec
 *fill*         0x000000000045981a        0x6 
 .text          0x0000000000459820      0xb5b /usr/lib/gcc/x86_64-linux-gnu/11/../../../x86_64-linux-gnu/libc.a(setlocale.o)
                0x0000000000459a80                setlocale
 *fill*         0x000000000045a37b        0x5 
 .text          0x000000000045a380      0x901 /usr/lib/gcc/x86_64-linux-gnu/11/../../../x86_64-linux-gnu/libc.a(findlocale.o)
                0x000000000045a380                _nl_find_locale
                0x000000000045ac30                _nl_remove_locale
 *fill*         0x000000000045ac81        0xf 
 .text          0x000000000045ac90      0x65e /usr/lib/gcc/x86_64-linux-gnu/11/../../../x86_64-linux-gnu/libc.a(loadlocale.o)
                0x000000000045ac90                _nl_intern_locale_data
                0x000000000045aef0                _nl_load_locale
                0x000000000045b290                _nl_unload_locale
 *fill*         0x000000000045b2ee        0x2 
 .text          0x000000000045b2f0      0x6f8 /usr/lib/gcc/x86_64-linux-gnu/11/../../../x86_64-linux-gnu/libc.a(loadarchive.o)
                0x000000000045b2f0                _nl_load_locale_from_archive
 *fill*         0x000000000045b9e8        0x8 
 .text          0x000000000045b9f0       0x7a /usr/lib/gcc/x86_64-linux-gnu/11/../../../x86_64-linux-gnu/libc.a(lc-ctype.o)
                0x000000000045b9f0                _nl_postload_ctype
 .text          0x000000000045ba6a        0x0 /usr/lib/gcc/x86_64-linux-gnu/11/../../../x86_64-linux-gnu/libc.a(C-ctype.o)
 .text          0x000000000045ba6a        0x0 /usr/lib/gcc/x86_64-linux-gnu/11/../../../x86_64-linux-gnu/libc.a(SYS_libc.o)